[+] Containers:
 |- [+] Container: /Game/ThirdPerson/Maps/L_Tutorial
 |   |- [+] ActorDescs:
 |   |   |- Guid:0935D41CFAE338468E572C406F5F4443 NativeClass:/Script/Engine.PostProcessVolume Name:PostProcessVolume_0 Label:PostProcessVolume SpatiallyLoaded:false EditorBounds:IsValid=true, Min=(X=0.000 Y=0.000 Z=400.000), Max=(X=200.000 Y=200.000 Z=600.000) RuntimeBounds:IsValid=true, Min=(X=0.000 Y=0.000 Z=400.000), Max=(X=200.000 Y=200.000 Z=600.000) RuntimeGrid:None EditorOnly:false RuntimeOnly:false HLODRelevant:false ListedInSceneOutliner:true IsMainWorldOnly:false FolderPath:Lighting FolderGuid:963EC3EB4002CCE9759E2EBA541A873A
 |   |   |- Guid:12118374104F30299150B142F24411AF NativeClass:/Script/Engine.StaticMeshActor Name:StaticMeshActor_UAID_A4AE111137DC5EFB00_1110535423 Label:SM_SkySphere SpatiallyLoaded:false EditorBounds:IsValid=true, Min=(X=-1638400.000 Y=-1638400.000 Z=-1638400.000), Max=(X=1638400.000 Y=1638400.000 Z=1638400.000) RuntimeBounds:IsValid=true, Min=(X=-1638400.000 Y=-1638400.000 Z=-1638400.000), Max=(X=1638400.000 Y=1638400.000 Z=1638400.000) RuntimeGrid:None EditorOnly:false RuntimeOnly:false HLODRelevant:false ListedInSceneOutliner:true IsMainWorldOnly:false FolderPath:Lighting FolderGuid:963EC3EB4002CCE9759E2EBA541A873A
 |   |   |- Guid:1BE4032F7B953455AB77056C1AEE3624 NativeClass:/Script/Engine.SkyLight Name:SkyLight_1 Label:SkyLight SpatiallyLoaded:false EditorBounds:IsValid=true, Min=(X=-1.000 Y=-1.000 Z=-1.000), Max=(X=1.000 Y=1.000 Z=690.000) RuntimeBounds:IsValid=true, Min=(X=0.000 Y=0.000 Z=690.000), Max=(X=0.000 Y=0.000 Z=690.000) RuntimeGrid:None EditorOnly:false RuntimeOnly:false HLODRelevant:false ListedInSceneOutliner:true IsMainWorldOnly:false FolderPath:Lighting FolderGuid:963EC3EB4002CCE9759E2EBA541A873A
 |   |   |- Guid:24135ECF5A8635669281C89BA02E8067 NativeClass:/Script/Engine.VolumetricCloud Name:VolumetricCloud_0 Label:VolumetricCloud SpatiallyLoaded:false EditorBounds:IsValid=true, Min=(X=-128.000 Y=-128.000 Z=692.000), Max=(X=128.000 Y=128.000 Z=948.000) RuntimeBounds:IsValid=true, Min=(X=0.000 Y=0.000 Z=820.000), Max=(X=0.000 Y=0.000 Z=820.000) RuntimeGrid:None EditorOnly:false RuntimeOnly:false HLODRelevant:false ListedInSceneOutliner:true IsMainWorldOnly:false FolderPath:Lighting FolderGuid:963EC3EB4002CCE9759E2EBA541A873A
 |   |   |- Guid:2DD306E998B73B90ABFE834408DC8081 NativeClass:/Script/Engine.SkyAtmosphere Name:SkyAtmosphere_0 Label:SkyAtmosphere SpatiallyLoaded:false EditorBounds:IsValid=true, Min=(X=-128.000 Y=-128.000 Z=892.000), Max=(X=240.000 Y=128.000 Z=1148.000) RuntimeBounds:IsValid=true, Min=(X=0.000 Y=0.000 Z=1020.000), Max=(X=0.000 Y=0.000 Z=1020.000) RuntimeGrid:None EditorOnly:false RuntimeOnly:false HLODRelevant:false ListedInSceneOutliner:true IsMainWorldOnly:false FolderPath:Lighting FolderGuid:963EC3EB4002CCE9759E2EBA541A873A
 |   |   |- Guid:2F65BBAA8AF830FEAABF6F4EF9541300 NativeClass:/Script/Engine.PlayerStart Name:PlayerStart_0 Label:PlayerStart SpatiallyLoaded:false EditorBounds:IsValid=true, Min=(X=252.322 Y=490.000 Z=47.115), Max=(X=620.322 Y=746.000 Z=303.115) RuntimeBounds:IsValid=true, Min=(X=340.322 Y=578.000 Z=83.115), Max=(X=420.322 Y=658.000 Z=267.115) RuntimeGrid:None EditorOnly:false RuntimeOnly:false HLODRelevant:false ListedInSceneOutliner:true IsMainWorldOnly:false
 |   |   |- Guid:35F9F09862763B27BA76DD901A9DD905 NativeClass:/Script/Engine.StaticMeshActor Name:StaticMeshActor_UAID_50814029DA7459C402_1808524167 Label:GolfBorder SpatiallyLoaded:true EditorBounds:IsValid=true, Min=(X=593.825 Y=379.247 Z=-49.337), Max=(X=998.175 Y=410.191 Z=192.780) RuntimeBounds:IsValid=true, Min=(X=593.825 Y=379.247 Z=-49.337), Max=(X=998.175 Y=410.191 Z=192.780) RuntimeGrid:None EditorOnly:false RuntimeOnly:false HLODRelevant:true ListedInSceneOutliner:true IsMainWorldOnly:false
 |   |   |- Guid:362C65DF940A3882A7B6BF7338863DE2 NativeClass:/Script/Engine.StaticMeshActor Name:StaticMeshActor_UAID_50814029DA7459C402_1138780163 Label:Cube_002 SpatiallyLoaded:true EditorBounds:IsValid=true, Min=(X=996.869 Y=410.131 Z=-70.000), Max=(X=1396.869 Y=810.131 Z=130.000) RuntimeBounds:IsValid=true, Min=(X=996.869 Y=410.131 Z=-70.000), Max=(X=1396.869 Y=810.131 Z=130.000) RuntimeGrid:None EditorOnly:false RuntimeOnly:false HLODRelevant:true ListedInSceneOutliner:true IsMainWorldOnly:false
 |   |   |- Guid:45A1C04C6665342F9BD7E70B59C095A6 NativeClass:/Script/Engine.StaticMeshActor Name:StaticMeshActor_UAID_50814029DA7458C402_1941130970 Label:Cube_008 SpatiallyLoaded:true EditorBounds:IsValid=true, Min=(X=198.351 Y=410.000 Z=-70.000), Max=(X=598.351 Y=810.000 Z=130.000) RuntimeBounds:IsValid=true, Min=(X=198.351 Y=410.000 Z=-70.000), Max=(X=598.351 Y=810.000 Z=130.000) RuntimeGrid:None EditorOnly:false RuntimeOnly:false HLODRelevant:true ListedInSceneOutliner:true IsMainWorldOnly:false
 |   |   |- Guid:47A3368C036F3FDE9D1616326E44DB68 NativeClass:/Script/Engine.StaticMeshActor Name:StaticMeshActor_1 Label:SM_Cube SpatiallyLoaded:true EditorBounds:IsValid=true, Min=(X=-745.000 Y=-463.000 Z=-50.000), Max=(X=2855.000 Y=1937.000 Z=0.000) RuntimeBounds:IsValid=true, Min=(X=-745.000 Y=-463.000 Z=-50.000), Max=(X=2855.000 Y=1937.000 Z=0.000) RuntimeGrid:None EditorOnly:false RuntimeOnly:false HLODRelevant:true ListedInSceneOutliner:true IsMainWorldOnly:false FolderPath:Playground FolderGuid:C73F09FC4215536B1DCE2A9E0A830C70
 |   |   |- Guid:4A88C85534A13A459F57CBCF362D91C9 NativeClass:/Script/Engine.WorldDataLayers Name:WorldDataLayers Label:WorldDataLayers SpatiallyLoaded:false EditorBounds:IsValid=false, Min=(X=0.000 Y=0.000 Z=0.000), Max=(X=0.000 Y=0.000 Z=0.000) RuntimeBounds:IsValid=false, Min=(X=0.000 Y=0.000 Z=0.000), Max=(X=0.000 Y=0.000 Z=0.000) RuntimeGrid:None EditorOnly:false RuntimeOnly:false HLODRelevant:false ListedInSceneOutliner:true IsMainWorldOnly:true
 |   |   |- Guid:4FF287C8DCB930AB990C2A2DC6352605 NativeClass:/Script/Engine.StaticMeshActor Name:StaticMeshActor_UAID_50814029DA745AC402_1119448348 Label:Cube_8 SpatiallyLoaded:true EditorBounds:IsValid=true, Min=(X=966.867 Y=1115.697 Z=-69.820), Max=(X=1426.127 Y=1543.982 Z=192.694) RuntimeBounds:IsValid=true, Min=(X=966.867 Y=1115.697 Z=-69.820), Max=(X=1426.127 Y=1543.982 Z=192.694) RuntimeGrid:None EditorOnly:false RuntimeOnly:false HLODRelevant:true ListedInSceneOutliner:true IsMainWorldOnly:false
 |   |   |- Guid:5B9BD5B3FFB83F60A5088D5974E18E1A NativeClass:/Script/Engine.StaticMeshActor Name:StaticMeshActor_UAID_50814029DA745BC402_1668943530 Label:GolfBorder4 SpatiallyLoaded:true EditorBounds:IsValid=true, Min=(X=582.247 Y=387.714 Z=-49.337), Max=(X=613.191 Y=600.286 Z=192.780) RuntimeBounds:IsValid=true, Min=(X=582.247 Y=387.714 Z=-49.337), Max=(X=613.191 Y=600.286 Z=192.780) RuntimeGrid:None EditorOnly:false RuntimeOnly:false HLODRelevant:true ListedInSceneOutliner:true IsMainWorldOnly:false
 |   |   |- Guid:661BE9177ED838DD8F5927AB82394890 NativeClass:/Script/Engine.StaticMeshActor Name:StaticMeshActor_UAID_50814029DA7458C402_1957419971 Label:Cube_007 SpatiallyLoaded:true EditorBounds:IsValid=true, Min=(X=172.018 Y=378.867 Z=-69.820), Max=(X=600.303 Y=838.127 Z=192.694) RuntimeBounds:IsValid=true, Min=(X=172.018 Y=378.867 Z=-69.820), Max=(X=600.303 Y=838.127 Z=192.694) RuntimeGrid:None EditorOnly:false RuntimeOnly:false HLODRelevant:true ListedInSceneOutliner:true IsMainWorldOnly:false
 |   |   |- Guid:84136CBBB54A3CEE93CBBEB5AEBFBBDC NativeClass:/Script/Engine.DirectionalLight Name:DirectionalLight_0 Label:DirectionalLight SpatiallyLoaded:false EditorBounds:IsValid=false, Min=(X=0.000 Y=0.000 Z=0.000), Max=(X=0.000 Y=0.000 Z=0.000) RuntimeBounds:IsValid=false, Min=(X=0.000 Y=0.000 Z=0.000), Max=(X=0.000 Y=0.000 Z=0.000) RuntimeGrid:None EditorOnly:false RuntimeOnly:false HLODRelevant:false ListedInSceneOutliner:true IsMainWorldOnly:false FolderPath:Lighting FolderGuid:963EC3EB4002CCE9759E2EBA541A873A
 |   |   |- Guid:8D68A27A3F3F367C904C711CB3ADB04C NativeClass:/Script/Engine.StaticMeshActor Name:StaticMeshActor_UAID_50814029DA7459C402_1202099164 Label:Cube_006 SpatiallyLoaded:true EditorBounds:IsValid=true, Min=(X=997.348 Y=376.746 Z=-70.470), Max=(X=1432.704 Y=812.102 Z=192.380) RuntimeBounds:IsValid=true, Min=(X=997.348 Y=376.746 Z=-70.470), Max=(X=1432.704 Y=812.102 Z=192.380) RuntimeGrid:None EditorOnly:false RuntimeOnly:false HLODRelevant:true ListedInSceneOutliner:true IsMainWorldOnly:false
 |   |   |- Guid:999CFF981D0139AA829BFC70B74F85B6 NativeClass:/Script/Engine.StaticMeshActor Name:StaticMeshActor_UAID_50814029DA745AC402_1119446347 Label:Cube_9 SpatiallyLoaded:true EditorBounds:IsValid=true, Min=(X=998.790 Y=1114.947 Z=-78.279), Max=(X=1398.790 Y=1514.947 Z=121.721) RuntimeBounds:IsValid=true, Min=(X=998.790 Y=1114.947 Z=-78.279), Max=(X=1398.790 Y=1514.947 Z=121.721) RuntimeGrid:None EditorOnly:false RuntimeOnly:false HLODRelevant:true ListedInSceneOutliner:true IsMainWorldOnly:false
 |   |   |- Guid:9DBFB61A46CF3B9B90A29DFC0D8F28F1 BaseClass:/Game/Blueprints/BP_Goal.BP_Goal_C NativeClass:/Script/Engine.Actor Name:BP_Goal_C_UAID_50814029DA745AC402_1294707351 Label:BP_Goal SpatiallyLoaded:true EditorBounds:IsValid=true, Min=(X=1150.000 Y=1266.000 Z=56.000), Max=(X=1250.000 Y=1366.000 Z=88.000) RuntimeBounds:IsValid=true, Min=(X=1150.000 Y=1266.000 Z=56.000), Max=(X=1250.000 Y=1366.000 Z=88.000) RuntimeGrid:None EditorOnly:false RuntimeOnly:false HLODRelevant:false ListedInSceneOutliner:true IsMainWorldOnly:false
 |   |   |- Guid:9E4856A788783A4EB24A18EAB0F156FC NativeClass:/Script/Engine.StaticMeshActor Name:StaticMeshActor_UAID_50814029DA745AC402_1102404346 Label:SM_Bridge2 SpatiallyLoaded:true EditorBounds:IsValid=true, Min=(X=1239.253 Y=797.782 Z=112.760), Max=(X=1331.777 Y=1138.218 Z=167.326) RuntimeBounds:IsValid=true, Min=(X=1239.253 Y=797.782 Z=112.760), Max=(X=1331.777 Y=1138.218 Z=167.326) RuntimeGrid:None EditorOnly:false RuntimeOnly:false HLODRelevant:true ListedInSceneOutliner:true IsMainWorldOnly:false
 |   |   |- Guid:A97C58CEFE9F33D8A1105FE6EB90FBCD BaseClass:/Game/Player/BP_MovingCamera.BP_MovingCamera_C NativeClass:/Script/Engine.Actor Name:BP_MovingCamera_C_UAID_2C58B90D0659A5C002_1109503289 Label:BP_MovingCamera SpatiallyLoaded:true EditorBounds:IsValid=true, Min=(X=40.000 Y=-170.400 Z=380.000), Max=(X=2060.000 Y=1849.600 Z=2400.000) RuntimeBounds:IsValid=true, Min=(X=1050.000 Y=839.600 Z=1390.000), Max=(X=1050.000 Y=839.600 Z=1390.000) RuntimeGrid:None EditorOnly:false RuntimeOnly:false HLODRelevant:false ListedInSceneOutliner:true IsMainWorldOnly:false
 |   |   |- Guid:ACD0FF98F7DD35F8B7768DB5BAEBA8CC NativeClass:/Script/Engine.StaticMeshActor Name:StaticMeshActor_UAID_50814029DA745BC402_1653237529 Label:GolfBorder3 SpatiallyLoaded:true EditorBounds:IsValid=true, Min=(X=782.247 Y=613.714 Z=-49.337), Max=(X=813.191 Y=826.286 Z=192.780) RuntimeBounds:IsValid=true, Min=(X=782.247 Y=613.714 Z=-49.337), Max=(X=813.191 Y=826.286 Z=192.780) RuntimeGrid:None EditorOnly:false RuntimeOnly:false HLODRelevant:true ListedInSceneOutliner:true IsMainWorldOnly:false
 |   |   |- Guid:C01DAF602240318E957977B238C85AFE NativeClass:/Script/Engine.StaticMeshActor Name:StaticMeshActor_UAID_50814029DA7458C402_2062086979 Label:GolfBrick SpatiallyLoaded:true EditorBounds:IsValid=true, Min=(X=597.000 Y=410.000 Z=-70.000), Max=(X=997.000 Y=810.000 Z=130.000) RuntimeBounds:IsValid=true, Min=(X=597.000 Y=410.000 Z=-70.000), Max=(X=997.000 Y=810.000 Z=130.000) RuntimeGrid:None EditorOnly:false RuntimeOnly:false HLODRelevant:true ListedInSceneOutliner:true IsMainWorldOnly:false
 |   |   |- Guid:C865EC5FEED23FA29B7502E51FFA8E69 NativeClass:/Script/Engine.StaticMeshActor Name:StaticMeshActor_UAID_50814029DA745AC402_1084866345 Label:SM_Bridge SpatiallyLoaded:true EditorBounds:IsValid=true, Min=(X=1064.253 Y=797.782 Z=112.760), Max=(X=1156.777 Y=1138.218 Z=167.326) RuntimeBounds:IsValid=true, Min=(X=1064.253 Y=797.782 Z=112.760), Max=(X=1156.777 Y=1138.218 Z=167.326) RuntimeGrid:None EditorOnly:false RuntimeOnly:false HLODRelevant:true ListedInSceneOutliner:true IsMainWorldOnly:false
 |   |   |- Guid:D06EA922083F3516BDE1258AD985E1B9 NativeClass:/Script/Engine.ExponentialHeightFog Name:ExponentialHeightFog_0 Label:ExponentialHeightFog SpatiallyLoaded:false EditorBounds:IsValid=true, Min=(X=-5728.000 Y=-178.000 Z=-6978.000), Max=(X=-5472.000 Y=78.000 Z=-6722.000) RuntimeBounds:IsValid=true, Min=(X=-5600.000 Y=-50.000 Z=-6850.000), Max=(X=-5600.000 Y=-50.000 Z=-6850.000) RuntimeGrid:None EditorOnly:false RuntimeOnly:false HLODRelevant:false ListedInSceneOutliner:true IsMainWorldOnly:false FolderPath:Lighting FolderGuid:963EC3EB4002CCE9759E2EBA541A873A
 |   |   |- Guid:E3BCE7A4BE6634CAA1292240EB616C31 NativeClass:/Script/Engine.StaticMeshActor Name:StaticMeshActor_UAID_50814029DA7459C402_2058151168 Label:GolfBorder2 SpatiallyLoaded:true EditorBounds:IsValid=true, Min=(X=593.825 Y=807.247 Z=-49.337), Max=(X=998.175 Y=838.191 Z=192.780) RuntimeBounds:IsValid=true, Min=(X=593.825 Y=807.247 Z=-49.337), Max=(X=998.175 Y=838.191 Z=192.780) RuntimeGrid:None EditorOnly:false RuntimeOnly:false HLODRelevant:true ListedInSceneOutliner:true IsMainWorldOnly:false
 |   |   |- Guid:F83DDA476E23308F97215F73023DFD5A NativeClass:/Script/Engine.StaticMeshActor Name:StaticMeshActor_UAID_2C58B90D06598CC202_1157900020 Label:SM_Cube2 SpatiallyLoaded:true EditorBounds:IsValid=true, Min=(X=-753.000 Y=-472.000 Z=-24.652), Max=(X=3684.835 Y=2486.552 Z=25.348) RuntimeBounds:IsValid=true, Min=(X=-753.000 Y=-472.000 Z=-24.652), Max=(X=3684.835 Y=2486.552 Z=25.348) RuntimeGrid:None EditorOnly:false RuntimeOnly:false HLODRelevant:true ListedInSceneOutliner:true IsMainWorldOnly:false FolderPath:Playground FolderGuid:C73F09FC4215536B1DCE2A9E0A830C70
 |   |- [+] Clusters:
 |   |   |- [+] [  0]
 |   |   |   |- Guid:0935D41CFAE338468E572C406F5F4443 NativeClass:/Script/Engine.PostProcessVolume Name:PostProcessVolume_0 Label:PostProcessVolume SpatiallyLoaded:false EditorBounds:IsValid=true, Min=(X=0.000 Y=0.000 Z=400.000), Max=(X=200.000 Y=200.000 Z=600.000) RuntimeBounds:IsValid=true, Min=(X=0.000 Y=0.000 Z=400.000), Max=(X=200.000 Y=200.000 Z=600.000) RuntimeGrid:None EditorOnly:false RuntimeOnly:false HLODRelevant:false ListedInSceneOutliner:true IsMainWorldOnly:false FolderPath:Lighting FolderGuid:963EC3EB4002CCE9759E2EBA541A873A
 |   |   |- [+] [  1]
 |   |   |   |- Guid:12118374104F30299150B142F24411AF NativeClass:/Script/Engine.StaticMeshActor Name:StaticMeshActor_UAID_A4AE111137DC5EFB00_1110535423 Label:SM_SkySphere SpatiallyLoaded:false EditorBounds:IsValid=true, Min=(X=-1638400.000 Y=-1638400.000 Z=-1638400.000), Max=(X=1638400.000 Y=1638400.000 Z=1638400.000) RuntimeBounds:IsValid=true, Min=(X=-1638400.000 Y=-1638400.000 Z=-1638400.000), Max=(X=1638400.000 Y=1638400.000 Z=1638400.000) RuntimeGrid:None EditorOnly:false RuntimeOnly:false HLODRelevant:false ListedInSceneOutliner:true IsMainWorldOnly:false FolderPath:Lighting FolderGuid:963EC3EB4002CCE9759E2EBA541A873A
 |   |   |- [+] [  2]
 |   |   |   |- Guid:1BE4032F7B953455AB77056C1AEE3624 NativeClass:/Script/Engine.SkyLight Name:SkyLight_1 Label:SkyLight SpatiallyLoaded:false EditorBounds:IsValid=true, Min=(X=-1.000 Y=-1.000 Z=-1.000), Max=(X=1.000 Y=1.000 Z=690.000) RuntimeBounds:IsValid=true, Min=(X=0.000 Y=0.000 Z=690.000), Max=(X=0.000 Y=0.000 Z=690.000) RuntimeGrid:None EditorOnly:false RuntimeOnly:false HLODRelevant:false ListedInSceneOutliner:true IsMainWorldOnly:false FolderPath:Lighting FolderGuid:963EC3EB4002CCE9759E2EBA541A873A
 |   |   |- [+] [  3]
 |   |   |   |- Guid:24135ECF5A8635669281C89BA02E8067 NativeClass:/Script/Engine.VolumetricCloud Name:VolumetricCloud_0 Label:VolumetricCloud SpatiallyLoaded:false EditorBounds:IsValid=true, Min=(X=-128.000 Y=-128.000 Z=692.000), Max=(X=128.000 Y=128.000 Z=948.000) RuntimeBounds:IsValid=true, Min=(X=0.000 Y=0.000 Z=820.000), Max=(X=0.000 Y=0.000 Z=820.000) RuntimeGrid:None EditorOnly:false RuntimeOnly:false HLODRelevant:false ListedInSceneOutliner:true IsMainWorldOnly:false FolderPath:Lighting FolderGuid:963EC3EB4002CCE9759E2EBA541A873A
 |   |   |- [+] [  4]
 |   |   |   |- Guid:2DD306E998B73B90ABFE834408DC8081 NativeClass:/Script/Engine.SkyAtmosphere Name:SkyAtmosphere_0 Label:SkyAtmosphere SpatiallyLoaded:false EditorBounds:IsValid=true, Min=(X=-128.000 Y=-128.000 Z=892.000), Max=(X=240.000 Y=128.000 Z=1148.000) RuntimeBounds:IsValid=true, Min=(X=0.000 Y=0.000 Z=1020.000), Max=(X=0.000 Y=0.000 Z=1020.000) RuntimeGrid:None EditorOnly:false RuntimeOnly:false HLODRelevant:false ListedInSceneOutliner:true IsMainWorldOnly:false FolderPath:Lighting FolderGuid:963EC3EB4002CCE9759E2EBA541A873A
 |   |   |- [+] [  5]
 |   |   |   |- Guid:2F65BBAA8AF830FEAABF6F4EF9541300 NativeClass:/Script/Engine.PlayerStart Name:PlayerStart_0 Label:PlayerStart SpatiallyLoaded:false EditorBounds:IsValid=true, Min=(X=252.322 Y=490.000 Z=47.115), Max=(X=620.322 Y=746.000 Z=303.115) RuntimeBounds:IsValid=true, Min=(X=340.322 Y=578.000 Z=83.115), Max=(X=420.322 Y=658.000 Z=267.115) RuntimeGrid:None EditorOnly:false RuntimeOnly:false HLODRelevant:false ListedInSceneOutliner:true IsMainWorldOnly:false
 |   |   |- [+] [  6]
 |   |   |   |- Guid:35F9F09862763B27BA76DD901A9DD905 NativeClass:/Script/Engine.StaticMeshActor Name:StaticMeshActor_UAID_50814029DA7459C402_1808524167 Label:GolfBorder SpatiallyLoaded:true EditorBounds:IsValid=true, Min=(X=593.825 Y=379.247 Z=-49.337), Max=(X=998.175 Y=410.191 Z=192.780) RuntimeBounds:IsValid=true, Min=(X=593.825 Y=379.247 Z=-49.337), Max=(X=998.175 Y=410.191 Z=192.780) RuntimeGrid:None EditorOnly:false RuntimeOnly:false HLODRelevant:true ListedInSceneOutliner:true IsMainWorldOnly:false
 |   |   |- [+] [  7]
 |   |   |   |- Guid:362C65DF940A3882A7B6BF7338863DE2 NativeClass:/Script/Engine.StaticMeshActor Name:StaticMeshActor_UAID_50814029DA7459C402_1138780163 Label:Cube_002 SpatiallyLoaded:true EditorBounds:IsValid=true, Min=(X=996.869 Y=410.131 Z=-70.000), Max=(X=1396.869 Y=810.131 Z=130.000) RuntimeBounds:IsValid=true, Min=(X=996.869 Y=410.131 Z=-70.000), Max=(X=1396.869 Y=810.131 Z=130.000) RuntimeGrid:None EditorOnly:false RuntimeOnly:false HLODRelevant:true ListedInSceneOutliner:true IsMainWorldOnly:false
 |   |   |- [+] [  8]
 |   |   |   |- Guid:45A1C04C6665342F9BD7E70B59C095A6 NativeClass:/Script/Engine.StaticMeshActor Name:StaticMeshActor_UAID_50814029DA7458C402_1941130970 Label:Cube_008 SpatiallyLoaded:true EditorBounds:IsValid=true, Min=(X=198.351 Y=410.000 Z=-70.000), Max=(X=598.351 Y=810.000 Z=130.000) RuntimeBounds:IsValid=true, Min=(X=198.351 Y=410.000 Z=-70.000), Max=(X=598.351 Y=810.000 Z=130.000) RuntimeGrid:None EditorOnly:false RuntimeOnly:false HLODRelevant:true ListedInSceneOutliner:true IsMainWorldOnly:false
 |   |   |- [+] [  9]
 |   |   |   |- Guid:47A3368C036F3FDE9D1616326E44DB68 NativeClass:/Script/Engine.StaticMeshActor Name:StaticMeshActor_1 Label:SM_Cube SpatiallyLoaded:true EditorBounds:IsValid=true, Min=(X=-745.000 Y=-463.000 Z=-50.000), Max=(X=2855.000 Y=1937.000 Z=0.000) RuntimeBounds:IsValid=true, Min=(X=-745.000 Y=-463.000 Z=-50.000), Max=(X=2855.000 Y=1937.000 Z=0.000) RuntimeGrid:None EditorOnly:false RuntimeOnly:false HLODRelevant:true ListedInSceneOutliner:true IsMainWorldOnly:false FolderPath:Playground FolderGuid:C73F09FC4215536B1DCE2A9E0A830C70
 |   |   |- [+] [ 10]
 |   |   |   |- Guid:4A88C85534A13A459F57CBCF362D91C9 NativeClass:/Script/Engine.WorldDataLayers Name:WorldDataLayers Label:WorldDataLayers SpatiallyLoaded:false EditorBounds:IsValid=false, Min=(X=0.000 Y=0.000 Z=0.000), Max=(X=0.000 Y=0.000 Z=0.000) RuntimeBounds:IsValid=false, Min=(X=0.000 Y=0.000 Z=0.000), Max=(X=0.000 Y=0.000 Z=0.000) RuntimeGrid:None EditorOnly:false RuntimeOnly:false HLODRelevant:false ListedInSceneOutliner:true IsMainWorldOnly:true
 |   |   |- [+] [ 11]
 |   |   |   |- Guid:4FF287C8DCB930AB990C2A2DC6352605 NativeClass:/Script/Engine.StaticMeshActor Name:StaticMeshActor_UAID_50814029DA745AC402_1119448348 Label:Cube_8 SpatiallyLoaded:true EditorBounds:IsValid=true, Min=(X=966.867 Y=1115.697 Z=-69.820), Max=(X=1426.127 Y=1543.982 Z=192.694) RuntimeBounds:IsValid=true, Min=(X=966.867 Y=1115.697 Z=-69.820), Max=(X=1426.127 Y=1543.982 Z=192.694) RuntimeGrid:None EditorOnly:false RuntimeOnly:false HLODRelevant:true ListedInSceneOutliner:true IsMainWorldOnly:false
 |   |   |- [+] [ 12]
 |   |   |   |- Guid:5B9BD5B3FFB83F60A5088D5974E18E1A NativeClass:/Script/Engine.StaticMeshActor Name:StaticMeshActor_UAID_50814029DA745BC402_1668943530 Label:GolfBorder4 SpatiallyLoaded:true EditorBounds:IsValid=true, Min=(X=582.247 Y=387.714 Z=-49.337), Max=(X=613.191 Y=600.286 Z=192.780) RuntimeBounds:IsValid=true, Min=(X=582.247 Y=387.714 Z=-49.337), Max=(X=613.191 Y=600.286 Z=192.780) RuntimeGrid:None EditorOnly:false RuntimeOnly:false HLODRelevant:true ListedInSceneOutliner:true IsMainWorldOnly:false
 |   |   |- [+] [ 13]
 |   |   |   |- Guid:661BE9177ED838DD8F5927AB82394890 NativeClass:/Script/Engine.StaticMeshActor Name:StaticMeshActor_UAID_50814029DA7458C402_1957419971 Label:Cube_007 SpatiallyLoaded:true EditorBounds:IsValid=true, Min=(X=172.018 Y=378.867 Z=-69.820), Max=(X=600.303 Y=838.127 Z=192.694) RuntimeBounds:IsValid=true, Min=(X=172.018 Y=378.867 Z=-69.820), Max=(X=600.303 Y=838.127 Z=192.694) RuntimeGrid:None EditorOnly:false RuntimeOnly:false HLODRelevant:true ListedInSceneOutliner:true IsMainWorldOnly:false
 |   |   |- [+] [ 14]
 |   |   |   |- Guid:84136CBBB54A3CEE93CBBEB5AEBFBBDC NativeClass:/Script/Engine.DirectionalLight Name:DirectionalLight_0 Label:DirectionalLight SpatiallyLoaded:false EditorBounds:IsValid=false, Min=(X=0.000 Y=0.000 Z=0.000), Max=(X=0.000 Y=0.000 Z=0.000) RuntimeBounds:IsValid=false, Min=(X=0.000 Y=0.000 Z=0.000), Max=(X=0.000 Y=0.000 Z=0.000) RuntimeGrid:None EditorOnly:false RuntimeOnly:false HLODRelevant:false ListedInSceneOutliner:true IsMainWorldOnly:false FolderPath:Lighting FolderGuid:963EC3EB4002CCE9759E2EBA541A873A
 |   |   |- [+] [ 15]
 |   |   |   |- Guid:8D68A27A3F3F367C904C711CB3ADB04C NativeClass:/Script/Engine.StaticMeshActor Name:StaticMeshActor_UAID_50814029DA7459C402_1202099164 Label:Cube_006 SpatiallyLoaded:true EditorBounds:IsValid=true, Min=(X=997.348 Y=376.746 Z=-70.470), Max=(X=1432.704 Y=812.102 Z=192.380) RuntimeBounds:IsValid=true, Min=(X=997.348 Y=376.746 Z=-70.470), Max=(X=1432.704 Y=812.102 Z=192.380) RuntimeGrid:None EditorOnly:false RuntimeOnly:false HLODRelevant:true ListedInSceneOutliner:true IsMainWorldOnly:false
 |   |   |- [+] [ 16]
 |   |   |   |- Guid:999CFF981D0139AA829BFC70B74F85B6 NativeClass:/Script/Engine.StaticMeshActor Name:StaticMeshActor_UAID_50814029DA745AC402_1119446347 Label:Cube_9 SpatiallyLoaded:true EditorBounds:IsValid=true, Min=(X=998.790 Y=1114.947 Z=-78.279), Max=(X=1398.790 Y=1514.947 Z=121.721) RuntimeBounds:IsValid=true, Min=(X=998.790 Y=1114.947 Z=-78.279), Max=(X=1398.790 Y=1514.947 Z=121.721) RuntimeGrid:None EditorOnly:false RuntimeOnly:false HLODRelevant:true ListedInSceneOutliner:true IsMainWorldOnly:false
 |   |   |- [+] [ 17]
 |   |   |   |- Guid:9DBFB61A46CF3B9B90A29DFC0D8F28F1 BaseClass:/Game/Blueprints/BP_Goal.BP_Goal_C NativeClass:/Script/Engine.Actor Name:BP_Goal_C_UAID_50814029DA745AC402_1294707351 Label:BP_Goal SpatiallyLoaded:true EditorBounds:IsValid=true, Min=(X=1150.000 Y=1266.000 Z=56.000), Max=(X=1250.000 Y=1366.000 Z=88.000) RuntimeBounds:IsValid=true, Min=(X=1150.000 Y=1266.000 Z=56.000), Max=(X=1250.000 Y=1366.000 Z=88.000) RuntimeGrid:None EditorOnly:false RuntimeOnly:false HLODRelevant:false ListedInSceneOutliner:true IsMainWorldOnly:false
 |   |   |- [+] [ 18]
 |   |   |   |- Guid:9E4856A788783A4EB24A18EAB0F156FC NativeClass:/Script/Engine.StaticMeshActor Name:StaticMeshActor_UAID_50814029DA745AC402_1102404346 Label:SM_Bridge2 SpatiallyLoaded:true EditorBounds:IsValid=true, Min=(X=1239.253 Y=797.782 Z=112.760), Max=(X=1331.777 Y=1138.218 Z=167.326) RuntimeBounds:IsValid=true, Min=(X=1239.253 Y=797.782 Z=112.760), Max=(X=1331.777 Y=1138.218 Z=167.326) RuntimeGrid:None EditorOnly:false RuntimeOnly:false HLODRelevant:true ListedInSceneOutliner:true IsMainWorldOnly:false
 |   |   |- [+] [ 19]
 |   |   |   |- Guid:A97C58CEFE9F33D8A1105FE6EB90FBCD BaseClass:/Game/Player/BP_MovingCamera.BP_MovingCamera_C NativeClass:/Script/Engine.Actor Name:BP_MovingCamera_C_UAID_2C58B90D0659A5C002_1109503289 Label:BP_MovingCamera SpatiallyLoaded:true EditorBounds:IsValid=true, Min=(X=40.000 Y=-170.400 Z=380.000), Max=(X=2060.000 Y=1849.600 Z=2400.000) RuntimeBounds:IsValid=true, Min=(X=1050.000 Y=839.600 Z=1390.000), Max=(X=1050.000 Y=839.600 Z=1390.000) RuntimeGrid:None EditorOnly:false RuntimeOnly:false HLODRelevant:false ListedInSceneOutliner:true IsMainWorldOnly:false
 |   |   |- [+] [ 20]
 |   |   |   |- Guid:ACD0FF98F7DD35F8B7768DB5BAEBA8CC NativeClass:/Script/Engine.StaticMeshActor Name:StaticMeshActor_UAID_50814029DA745BC402_1653237529 Label:GolfBorder3 SpatiallyLoaded:true EditorBounds:IsValid=true, Min=(X=782.247 Y=613.714 Z=-49.337), Max=(X=813.191 Y=826.286 Z=192.780) RuntimeBounds:IsValid=true, Min=(X=782.247 Y=613.714 Z=-49.337), Max=(X=813.191 Y=826.286 Z=192.780) RuntimeGrid:None EditorOnly:false RuntimeOnly:false HLODRelevant:true ListedInSceneOutliner:true IsMainWorldOnly:false
 |   |   |- [+] [ 21]
 |   |   |   |- Guid:C01DAF602240318E957977B238C85AFE NativeClass:/Script/Engine.StaticMeshActor Name:StaticMeshActor_UAID_50814029DA7458C402_2062086979 Label:GolfBrick SpatiallyLoaded:true EditorBounds:IsValid=true, Min=(X=597.000 Y=410.000 Z=-70.000), Max=(X=997.000 Y=810.000 Z=130.000) RuntimeBounds:IsValid=true, Min=(X=597.000 Y=410.000 Z=-70.000), Max=(X=997.000 Y=810.000 Z=130.000) RuntimeGrid:None EditorOnly:false RuntimeOnly:false HLODRelevant:true ListedInSceneOutliner:true IsMainWorldOnly:false
 |   |   |- [+] [ 22]
 |   |   |   |- Guid:C865EC5FEED23FA29B7502E51FFA8E69 NativeClass:/Script/Engine.StaticMeshActor Name:StaticMeshActor_UAID_50814029DA745AC402_1084866345 Label:SM_Bridge SpatiallyLoaded:true EditorBounds:IsValid=true, Min=(X=1064.253 Y=797.782 Z=112.760), Max=(X=1156.777 Y=1138.218 Z=167.326) RuntimeBounds:IsValid=true, Min=(X=1064.253 Y=797.782 Z=112.760), Max=(X=1156.777 Y=1138.218 Z=167.326) RuntimeGrid:None EditorOnly:false RuntimeOnly:false HLODRelevant:true ListedInSceneOutliner:true IsMainWorldOnly:false
 |   |   |- [+] [ 23]
 |   |   |   |- Guid:D06EA922083F3516BDE1258AD985E1B9 NativeClass:/Script/Engine.ExponentialHeightFog Name:ExponentialHeightFog_0 Label:ExponentialHeightFog SpatiallyLoaded:false EditorBounds:IsValid=true, Min=(X=-5728.000 Y=-178.000 Z=-6978.000), Max=(X=-5472.000 Y=78.000 Z=-6722.000) RuntimeBounds:IsValid=true, Min=(X=-5600.000 Y=-50.000 Z=-6850.000), Max=(X=-5600.000 Y=-50.000 Z=-6850.000) RuntimeGrid:None EditorOnly:false RuntimeOnly:false HLODRelevant:false ListedInSceneOutliner:true IsMainWorldOnly:false FolderPath:Lighting FolderGuid:963EC3EB4002CCE9759E2EBA541A873A
 |   |   |- [+] [ 24]
 |   |   |   |- Guid:E3BCE7A4BE6634CAA1292240EB616C31 NativeClass:/Script/Engine.StaticMeshActor Name:StaticMeshActor_UAID_50814029DA7459C402_2058151168 Label:GolfBorder2 SpatiallyLoaded:true EditorBounds:IsValid=true, Min=(X=593.825 Y=807.247 Z=-49.337), Max=(X=998.175 Y=838.191 Z=192.780) RuntimeBounds:IsValid=true, Min=(X=593.825 Y=807.247 Z=-49.337), Max=(X=998.175 Y=838.191 Z=192.780) RuntimeGrid:None EditorOnly:false RuntimeOnly:false HLODRelevant:true ListedInSceneOutliner:true IsMainWorldOnly:false
 |   |   |- [+] [ 25]
 |   |   |   |- Guid:F83DDA476E23308F97215F73023DFD5A NativeClass:/Script/Engine.StaticMeshActor Name:StaticMeshActor_UAID_2C58B90D06598CC202_1157900020 Label:SM_Cube2 SpatiallyLoaded:true EditorBounds:IsValid=true, Min=(X=-753.000 Y=-472.000 Z=-24.652), Max=(X=3684.835 Y=2486.552 Z=25.348) RuntimeBounds:IsValid=true, Min=(X=-753.000 Y=-472.000 Z=-24.652), Max=(X=3684.835 Y=2486.552 Z=25.348) RuntimeGrid:None EditorOnly:false RuntimeOnly:false HLODRelevant:true ListedInSceneOutliner:true IsMainWorldOnly:false FolderPath:Playground FolderGuid:C73F09FC4215536B1DCE2A9E0A830C70
 |- ContainerInstances:
 |- [+] MainContainer:
 |   |-        ID: 00000000000000000000000000000000
 |   |-  ParentID: 00000000000000000000000000000000
 |   |-    Bounds: IsValid=false, Min=(X=0.000 Y=0.000 Z=0.000), Max=(X=0.000 Y=0.000 Z=0.000)
 |   |- Transform: 0.000000,0.000000,0.000000|0.000000,0.000000,-0.000000|1.000000,1.000000,1.000000
 |   |- Container: /Game/ThirdPerson/Maps/L_Tutorial
----------------------------------------------------------------------------------------------------------------
L_Tutorial - Persistent Level
----------------------------------------------------------------------------------------------------------------
[+] Content of L_Tutorial Persistent Level
 |- Always loaded Actor Count: 26 
 |- Actor Path: /Game/ThirdPerson/Maps/L_Tutorial.L_Tutorial:PersistentLevel.BP_Goal_C_UAID_50814029DA745AC402_1294707351
 |- Actor Package: /Game/__ExternalActors__/ThirdPerson/Maps/L_Tutorial/1/AJ/KXR5PTQZQOFOW8C873LOEC
 |- Actor Path: /Game/ThirdPerson/Maps/L_Tutorial.L_Tutorial:PersistentLevel.BP_MovingCamera_C_UAID_2C58B90D0659A5C002_1109503289
 |- Actor Package: /Game/__ExternalActors__/ThirdPerson/Maps/L_Tutorial/3/FY/THKW1MZZDTFLPU2DVCGHKT
 |- Actor Path: /Game/ThirdPerson/Maps/L_Tutorial.L_Tutorial:PersistentLevel.DirectionalLight_0
 |- Actor Package: /Game/__ExternalActors__/ThirdPerson/Maps/L_Tutorial/C/WD/HEFFNPRQFT8KF44FLEQ2TG
 |- Actor Path: /Game/ThirdPerson/Maps/L_Tutorial.L_Tutorial:PersistentLevel.ExponentialHeightFog_0
 |- Actor Package: /Game/__ExternalActors__/ThirdPerson/Maps/L_Tutorial/7/42/DGW58O97BOCJ0C14Y4VRQ9
 |- Actor Path: /Game/ThirdPerson/Maps/L_Tutorial.L_Tutorial:PersistentLevel.PlayerStart_0
 |- Actor Package: /Game/__ExternalActors__/ThirdPerson/Maps/L_Tutorial/2/AF/HW5BM0USZPAJ74DAJNKUU9
 |- Actor Path: /Game/ThirdPerson/Maps/L_Tutorial.L_Tutorial:PersistentLevel.PostProcessVolume_0
 |- Actor Package: /Game/__ExternalActors__/ThirdPerson/Maps/L_Tutorial/1/37/ZYZIR0VDZAAT7MV4NFF3CL
 |- Actor Path: /Game/ThirdPerson/Maps/L_Tutorial.L_Tutorial:PersistentLevel.SkyAtmosphere_0
 |- Actor Package: /Game/__ExternalActors__/ThirdPerson/Maps/L_Tutorial/C/5J/EJ0S4V4V5I719JZKO8S4JB
 |- Actor Path: /Game/ThirdPerson/Maps/L_Tutorial.L_Tutorial:PersistentLevel.SkyLight_1
 |- Actor Package: /Game/__ExternalActors__/ThirdPerson/Maps/L_Tutorial/E/1U/ABZJ8W32YHD9BJNPEV1COD
 |- Actor Path: /Game/ThirdPerson/Maps/L_Tutorial.L_Tutorial:PersistentLevel.StaticMeshActor_1
 |- Actor Package: /Game/__ExternalActors__/ThirdPerson/Maps/L_Tutorial/4/Z0/FB8QSY24SPD7HNM64Y8JPR
 |- Actor Path: /Game/ThirdPerson/Maps/L_Tutorial.L_Tutorial:PersistentLevel.StaticMeshActor_UAID_2C58B90D06598CC202_1157900020
 |- Actor Package: /Game/__ExternalActors__/ThirdPerson/Maps/L_Tutorial/1/OQ/VEUNUB9NFX5AVVU301JDHV
 |- Actor Path: /Game/ThirdPerson/Maps/L_Tutorial.L_Tutorial:PersistentLevel.StaticMeshActor_UAID_50814029DA7458C402_1941130970
 |- Actor Package: /Game/__ExternalActors__/ThirdPerson/Maps/L_Tutorial/2/HN/MEF0AYS3TDUFTRTZCYB4P8
 |- Actor Path: /Game/ThirdPerson/Maps/L_Tutorial.L_Tutorial:PersistentLevel.StaticMeshActor_UAID_50814029DA7458C402_1957419971
 |- Actor Package: /Game/__ExternalActors__/ThirdPerson/Maps/L_Tutorial/0/H3/WML96089O7YS2EG0NBSC90
 |- Actor Path: /Game/ThirdPerson/Maps/L_Tutorial.L_Tutorial:PersistentLevel.StaticMeshActor_UAID_50814029DA7458C402_2062086979
 |- Actor Package: /Game/__ExternalActors__/ThirdPerson/Maps/L_Tutorial/2/KU/WWY02IMO87PZRWUWM34BMJ
 |- Actor Path: /Game/ThirdPerson/Maps/L_Tutorial.L_Tutorial:PersistentLevel.StaticMeshActor_UAID_50814029DA7459C402_1138780163
 |- Actor Package: /Game/__ExternalActors__/ThirdPerson/Maps/L_Tutorial/8/7A/3HAI226ERODZG05XUJYY4S
 |- Actor Path: /Game/ThirdPerson/Maps/L_Tutorial.L_Tutorial:PersistentLevel.StaticMeshActor_UAID_50814029DA7459C402_1202099164
 |- Actor Package: /Game/__ExternalActors__/ThirdPerson/Maps/L_Tutorial/A/Y9/OL1C73CH1MW2MQDK4E69M7
 |- Actor Path: /Game/ThirdPerson/Maps/L_Tutorial.L_Tutorial:PersistentLevel.StaticMeshActor_UAID_50814029DA7459C402_1808524167
 |- Actor Package: /Game/__ExternalActors__/ThirdPerson/Maps/L_Tutorial/E/CP/2XTF2AB0FABIZS0PS3TNYJ
 |- Actor Path: /Game/ThirdPerson/Maps/L_Tutorial.L_Tutorial:PersistentLevel.StaticMeshActor_UAID_50814029DA7459C402_2058151168
 |- Actor Package: /Game/__ExternalActors__/ThirdPerson/Maps/L_Tutorial/C/AI/P68QMGFKB1TJ5FBE99LIYY
 |- Actor Path: /Game/ThirdPerson/Maps/L_Tutorial.L_Tutorial:PersistentLevel.StaticMeshActor_UAID_50814029DA745AC402_1084866345
 |- Actor Package: /Game/__ExternalActors__/ThirdPerson/Maps/L_Tutorial/E/MI/JUBOP4LGRUPIWB76BUAGY8
 |- Actor Path: /Game/ThirdPerson/Maps/L_Tutorial.L_Tutorial:PersistentLevel.StaticMeshActor_UAID_50814029DA745AC402_1102404346
 |- Actor Package: /Game/__ExternalActors__/ThirdPerson/Maps/L_Tutorial/5/I7/FJPL1YGKBEXLKTC8AATFH6
 |- Actor Path: /Game/ThirdPerson/Maps/L_Tutorial.L_Tutorial:PersistentLevel.StaticMeshActor_UAID_50814029DA745AC402_1119446347
 |- Actor Package: /Game/__ExternalActors__/ThirdPerson/Maps/L_Tutorial/2/GH/XEGMMG3BIJ8XY420K0604B
 |- Actor Path: /Game/ThirdPerson/Maps/L_Tutorial.L_Tutorial:PersistentLevel.StaticMeshActor_UAID_50814029DA745AC402_1119448348
 |- Actor Package: /Game/__ExternalActors__/ThirdPerson/Maps/L_Tutorial/C/AY/UPRV3JIWVKVVM3EUM2UMHD
 |- Actor Path: /Game/ThirdPerson/Maps/L_Tutorial.L_Tutorial:PersistentLevel.StaticMeshActor_UAID_50814029DA745BC402_1653237529
 |- Actor Package: /Game/__ExternalActors__/ThirdPerson/Maps/L_Tutorial/0/OF/7E41U1XWEBJPNXDWRE84XW
 |- Actor Path: /Game/ThirdPerson/Maps/L_Tutorial.L_Tutorial:PersistentLevel.StaticMeshActor_UAID_50814029DA745BC402_1668943530
 |- Actor Package: /Game/__ExternalActors__/ThirdPerson/Maps/L_Tutorial/9/LR/K7ULVAMWSM9OMKYA66DPNK
 |- Actor Path: /Game/ThirdPerson/Maps/L_Tutorial.L_Tutorial:PersistentLevel.StaticMeshActor_UAID_A4AE111137DC5EFB00_1110535423
 |- Actor Package: /Game/__ExternalActors__/ThirdPerson/Maps/L_Tutorial/7/PE/N46DZXT34Z7H7ZIHL06CHU
 |- Actor Path: /Game/ThirdPerson/Maps/L_Tutorial.L_Tutorial:PersistentLevel.VolumetricCloud_0
 |- Actor Package: /Game/__ExternalActors__/ThirdPerson/Maps/L_Tutorial/6/YZ/LIAYCXIHA562PHTM7MD2PZ
 |- Actor Path: /Game/ThirdPerson/Maps/L_Tutorial.L_Tutorial:PersistentLevel.WorldDataLayers
 |- Actor Package: /Game/__ExternalActors__/ThirdPerson/Maps/L_Tutorial/9/JI/NPFJDOR6SJYCNA44E10M27

----------------------------------------------------------------------------------------------------------------
L_Tutorial - Runtime Hash Set
----------------------------------------------------------------------------------------------------------------

