[+] Containers:
 |- [+] Container: /Game/ThirdPerson/Maps/L_Level1
 |   |- [+] ActorDescs:
 |   |   |- Guid:173760C84AE48DCA577F72AE5B82C24C NativeClass:/Script/Engine.StaticMeshActor Name:StaticMeshActor_UAID_2C58B90D06598CC202_1157900020 Label:SM_Cube2 SpatiallyLoaded:true EditorBounds:IsValid=true, Min=(X=-1333.000 Y=-952.000 Z=-24.652), Max=(X=3104.835 Y=2724.232 Z=25.348) RuntimeBounds:IsValid=true, Min=(X=-1333.000 Y=-952.000 Z=-24.652), Max=(X=3104.835 Y=2724.232 Z=25.348) RuntimeGrid:None EditorOnly:false RuntimeOnly:false HLODRelevant:true ListedInSceneOutliner:true IsMainWorldOnly:false FolderPath:Playground FolderGuid:C73F09FC4215536B1DCE2A9E0A830C70
 |   |   |- Guid:26BA45EA40F873FF57C9E399E83ED310 NativeClass:/Script/Engine.StaticMeshActor Name:StaticMeshActor_UAID_50814029DA7459C402_2058151168 Label:GolfBorder2 SpatiallyLoaded:true EditorBounds:IsValid=true, Min=(X=593.825 Y=807.247 Z=-49.337), Max=(X=998.175 Y=838.191 Z=192.780) RuntimeBounds:IsValid=true, Min=(X=593.825 Y=807.247 Z=-49.337), Max=(X=998.175 Y=838.191 Z=192.780) RuntimeGrid:None EditorOnly:false RuntimeOnly:false HLODRelevant:true ListedInSceneOutliner:true IsMainWorldOnly:false
 |   |   |- Guid:2FB58999456391D349DC0F86DAC136ED NativeClass:/Script/Engine.SkyLight Name:SkyLight_1 Label:SkyLight SpatiallyLoaded:false EditorBounds:IsValid=true, Min=(X=-1.000 Y=-1.000 Z=-1.000), Max=(X=1.000 Y=1.000 Z=690.000) RuntimeBounds:IsValid=true, Min=(X=0.000 Y=0.000 Z=690.000), Max=(X=0.000 Y=0.000 Z=690.000) RuntimeGrid:None EditorOnly:false RuntimeOnly:false HLODRelevant:false ListedInSceneOutliner:true IsMainWorldOnly:false FolderPath:Lighting FolderGuid:963EC3EB4002CCE9759E2EBA541A873A
 |   |   |- Guid:316CF2A6494ACA4C0E4180A87D36AB8F NativeClass:/Script/Engine.ExponentialHeightFog Name:ExponentialHeightFog_0 Label:ExponentialHeightFog SpatiallyLoaded:false EditorBounds:IsValid=true, Min=(X=-5728.000 Y=-178.000 Z=-6978.000), Max=(X=-5472.000 Y=78.000 Z=-6722.000) RuntimeBounds:IsValid=true, Min=(X=-5600.000 Y=-50.000 Z=-6850.000), Max=(X=-5600.000 Y=-50.000 Z=-6850.000) RuntimeGrid:None EditorOnly:false RuntimeOnly:false HLODRelevant:false ListedInSceneOutliner:true IsMainWorldOnly:false FolderPath:Lighting FolderGuid:963EC3EB4002CCE9759E2EBA541A873A
 |   |   |- Guid:3A00AA1C422CE54C0BDB60BAF471BFBB NativeClass:/Script/Engine.PlayerStart Name:PlayerStart_0 Label:PlayerStart SpatiallyLoaded:false EditorBounds:IsValid=true, Min=(X=252.322 Y=490.000 Z=47.115), Max=(X=620.322 Y=746.000 Z=303.115) RuntimeBounds:IsValid=true, Min=(X=340.322 Y=578.000 Z=83.115), Max=(X=420.322 Y=658.000 Z=267.115) RuntimeGrid:None EditorOnly:false RuntimeOnly:false HLODRelevant:false ListedInSceneOutliner:true IsMainWorldOnly:false
 |   |   |- Guid:3A925C874BF72E5B77949381AEC2C873 NativeClass:/Script/Engine.StaticMeshActor Name:StaticMeshActor_UAID_2C58B9122EF936C702_1955856146 Label:GolfBorder7 SpatiallyLoaded:true EditorBounds:IsValid=true, Min=(X=752.231 Y=532.957 Z=-49.337), Max=(X=833.155 Y=824.446 Z=192.780) RuntimeBounds:IsValid=true, Min=(X=752.231 Y=532.957 Z=-49.337), Max=(X=833.155 Y=824.446 Z=192.780) RuntimeGrid:None EditorOnly:false RuntimeOnly:false HLODRelevant:true ListedInSceneOutliner:true IsMainWorldOnly:false
 |   |   |- Guid:3F540BA14C183D8E043F0585A8D59BE2 BaseClass:/Game/Blueprints/BP_Checkpoint.BP_Checkpoint_C NativeClass:/Script/Engine.Actor Name:BP_Checkpoint_C_UAID_644ED76AD825EDC602_1212079324 Label:BP_Checkpoint SpatiallyLoaded:true EditorBounds:IsValid=true, Min=(X=973.805 Y=423.009 Z=140.000), Max=(X=1386.195 Y=835.399 Z=144.975) RuntimeBounds:IsValid=true, Min=(X=973.805 Y=423.009 Z=140.000), Max=(X=1386.195 Y=835.399 Z=144.975) RuntimeGrid:None EditorOnly:false RuntimeOnly:false HLODRelevant:false ListedInSceneOutliner:true IsMainWorldOnly:false
 |   |   |- Guid:4D3BE93F4146AAAC8BBE79999D96D57F NativeClass:/Script/Engine.VolumetricCloud Name:VolumetricCloud_0 Label:VolumetricCloud SpatiallyLoaded:false EditorBounds:IsValid=true, Min=(X=-128.000 Y=-128.000 Z=692.000), Max=(X=128.000 Y=128.000 Z=948.000) RuntimeBounds:IsValid=true, Min=(X=0.000 Y=0.000 Z=820.000), Max=(X=0.000 Y=0.000 Z=820.000) RuntimeGrid:None EditorOnly:false RuntimeOnly:false HLODRelevant:false ListedInSceneOutliner:true IsMainWorldOnly:false FolderPath:Lighting FolderGuid:963EC3EB4002CCE9759E2EBA541A873A
 |   |   |- Guid:54864F1240300320F1AF2F861E0FDB21 NativeClass:/Script/Engine.StaticMeshActor Name:StaticMeshActor_UAID_50814029DA745AC402_1084866345 Label:SM_Bridge SpatiallyLoaded:true EditorBounds:IsValid=true, Min=(X=1064.253 Y=797.782 Z=112.760), Max=(X=1156.777 Y=1138.218 Z=167.326) RuntimeBounds:IsValid=true, Min=(X=1064.253 Y=797.782 Z=112.760), Max=(X=1156.777 Y=1138.218 Z=167.326) RuntimeGrid:None EditorOnly:false RuntimeOnly:false HLODRelevant:true ListedInSceneOutliner:true IsMainWorldOnly:false
 |   |   |- Guid:550CCC714698FB144004BEBD36359BE3 NativeClass:/Script/Engine.StaticMeshActor Name:StaticMeshActor_UAID_50814029DA7458C402_2062086979 Label:GolfBrick SpatiallyLoaded:true EditorBounds:IsValid=true, Min=(X=597.000 Y=410.000 Z=-70.000), Max=(X=997.000 Y=810.000 Z=130.000) RuntimeBounds:IsValid=true, Min=(X=597.000 Y=410.000 Z=-70.000), Max=(X=997.000 Y=810.000 Z=130.000) RuntimeGrid:None EditorOnly:false RuntimeOnly:false HLODRelevant:true ListedInSceneOutliner:true IsMainWorldOnly:false
 |   |   |- Guid:58CF73534F167CCD194CCB83AE98A5B7 NativeClass:/Script/Engine.StaticMeshActor Name:StaticMeshActor_UAID_2C58B9122EF936C702_1944120145 Label:GolfBorder6 SpatiallyLoaded:true EditorBounds:IsValid=true, Min=(X=609.639 Y=388.090 Z=-49.337), Max=(X=665.786 Y=680.210 Z=192.780) RuntimeBounds:IsValid=true, Min=(X=609.639 Y=388.090 Z=-49.337), Max=(X=665.786 Y=680.210 Z=192.780) RuntimeGrid:None EditorOnly:false RuntimeOnly:false HLODRelevant:true ListedInSceneOutliner:true IsMainWorldOnly:false
 |   |   |- Guid:6335CB344AC00874569C30B8C347DE40 NativeClass:/Script/Engine.StaticMeshActor Name:StaticMeshActor_UAID_50814029DA7458C402_1957419971 Label:Cube_007 SpatiallyLoaded:true EditorBounds:IsValid=true, Min=(X=172.018 Y=378.867 Z=-69.820), Max=(X=600.303 Y=838.127 Z=192.694) RuntimeBounds:IsValid=true, Min=(X=172.018 Y=378.867 Z=-69.820), Max=(X=600.303 Y=838.127 Z=192.694) RuntimeGrid:None EditorOnly:false RuntimeOnly:false HLODRelevant:true ListedInSceneOutliner:true IsMainWorldOnly:false
 |   |   |- Guid:6BAF4DDD444C60371492D3919DB42C97 NativeClass:/Script/Engine.WorldDataLayers Name:WorldDataLayers Label:WorldDataLayers SpatiallyLoaded:false EditorBounds:IsValid=false, Min=(X=0.000 Y=0.000 Z=0.000), Max=(X=0.000 Y=0.000 Z=0.000) RuntimeBounds:IsValid=false, Min=(X=0.000 Y=0.000 Z=0.000), Max=(X=0.000 Y=0.000 Z=0.000) RuntimeGrid:None EditorOnly:false RuntimeOnly:false HLODRelevant:false ListedInSceneOutliner:true IsMainWorldOnly:true
 |   |   |- Guid:704882C14394F7814F5FA1BA14BAE2D6 NativeClass:/Script/Engine.StaticMeshActor Name:StaticMeshActor_UAID_50814029DA745AC402_1119448348 Label:Cube_8 SpatiallyLoaded:true EditorBounds:IsValid=true, Min=(X=966.867 Y=1115.697 Z=-69.820), Max=(X=1426.127 Y=1543.982 Z=192.694) RuntimeBounds:IsValid=true, Min=(X=966.867 Y=1115.697 Z=-69.820), Max=(X=1426.127 Y=1543.982 Z=192.694) RuntimeGrid:None EditorOnly:false RuntimeOnly:false HLODRelevant:true ListedInSceneOutliner:true IsMainWorldOnly:false
 |   |   |- Guid:79BA6B1E42B04C04B3197C83E417A663 NativeClass:/Script/Engine.StaticMeshActor Name:StaticMeshActor_UAID_50814029DA745AC402_1119446347 Label:Cube_9 SpatiallyLoaded:true EditorBounds:IsValid=true, Min=(X=998.790 Y=1114.947 Z=-78.279), Max=(X=1398.790 Y=1514.947 Z=121.721) RuntimeBounds:IsValid=true, Min=(X=998.790 Y=1114.947 Z=-78.279), Max=(X=1398.790 Y=1514.947 Z=121.721) RuntimeGrid:None EditorOnly:false RuntimeOnly:false HLODRelevant:true ListedInSceneOutliner:true IsMainWorldOnly:false
 |   |   |- Guid:7B90F474467402864ED9CA8236703E5F NativeClass:/Script/Engine.StaticMeshActor Name:StaticMeshActor_UAID_50814029DA7459C402_1202099164 Label:Cube_006 SpatiallyLoaded:true EditorBounds:IsValid=true, Min=(X=997.348 Y=376.746 Z=-70.470), Max=(X=1432.704 Y=812.102 Z=192.380) RuntimeBounds:IsValid=true, Min=(X=997.348 Y=376.746 Z=-70.470), Max=(X=1432.704 Y=812.102 Z=192.380) RuntimeGrid:None EditorOnly:false RuntimeOnly:false HLODRelevant:true ListedInSceneOutliner:true IsMainWorldOnly:false
 |   |   |- Guid:84EF3FFD4EB5DC89A4BEDD9D3499DE92 NativeClass:/Script/Engine.StaticMeshActor Name:StaticMeshActor_UAID_50814029DA7458C402_1941130970 Label:Cube_008 SpatiallyLoaded:true EditorBounds:IsValid=true, Min=(X=198.351 Y=410.000 Z=-70.000), Max=(X=598.351 Y=810.000 Z=130.000) RuntimeBounds:IsValid=true, Min=(X=198.351 Y=410.000 Z=-70.000), Max=(X=598.351 Y=810.000 Z=130.000) RuntimeGrid:None EditorOnly:false RuntimeOnly:false HLODRelevant:true ListedInSceneOutliner:true IsMainWorldOnly:false
 |   |   |- Guid:A16C9BDB4F408414FFDD6A923E315002 NativeClass:/Script/Engine.StaticMeshActor Name:StaticMeshActor_UAID_50814029DA745AC402_1102404346 Label:SM_Bridge2 SpatiallyLoaded:true EditorBounds:IsValid=true, Min=(X=1239.253 Y=797.782 Z=112.760), Max=(X=1331.777 Y=1138.218 Z=167.326) RuntimeBounds:IsValid=true, Min=(X=1239.253 Y=797.782 Z=112.760), Max=(X=1331.777 Y=1138.218 Z=167.326) RuntimeGrid:None EditorOnly:false RuntimeOnly:false HLODRelevant:true ListedInSceneOutliner:true IsMainWorldOnly:false
 |   |   |- Guid:A1B20E4D42EB9415C62EC98CE6743FC3 NativeClass:/Script/Engine.StaticMeshActor Name:StaticMeshActor_UAID_2C58B9122EF936C702_1955859147 Label:GolfBorder8 SpatiallyLoaded:true EditorBounds:IsValid=true, Min=(X=724.639 Y=533.090 Z=-49.337), Max=(X=780.786 Y=825.210 Z=192.780) RuntimeBounds:IsValid=true, Min=(X=724.639 Y=533.090 Z=-49.337), Max=(X=780.786 Y=825.210 Z=192.780) RuntimeGrid:None EditorOnly:false RuntimeOnly:false HLODRelevant:true ListedInSceneOutliner:true IsMainWorldOnly:false
 |   |   |- Guid:A2510B5E45BD15399A61558943C2C409 NativeClass:/Script/Engine.StaticMeshActor Name:StaticMeshActor_UAID_50814029DA7459C402_1138780163 Label:Cube_002 SpatiallyLoaded:true EditorBounds:IsValid=true, Min=(X=996.869 Y=410.131 Z=-70.000), Max=(X=1396.869 Y=810.131 Z=130.000) RuntimeBounds:IsValid=true, Min=(X=996.869 Y=410.131 Z=-70.000), Max=(X=1396.869 Y=810.131 Z=130.000) RuntimeGrid:None EditorOnly:false RuntimeOnly:false HLODRelevant:true ListedInSceneOutliner:true IsMainWorldOnly:false
 |   |   |- Guid:B785ED2844B84CFB91E7F39FE661CD99 NativeClass:/Script/Engine.DirectionalLight Name:DirectionalLight_0 Label:DirectionalLight SpatiallyLoaded:false EditorBounds:IsValid=false, Min=(X=0.000 Y=0.000 Z=0.000), Max=(X=0.000 Y=0.000 Z=0.000) RuntimeBounds:IsValid=false, Min=(X=0.000 Y=0.000 Z=0.000), Max=(X=0.000 Y=0.000 Z=0.000) RuntimeGrid:None EditorOnly:false RuntimeOnly:false HLODRelevant:false ListedInSceneOutliner:true IsMainWorldOnly:false FolderPath:Lighting FolderGuid:963EC3EB4002CCE9759E2EBA541A873A
 |   |   |- Guid:BD323529402DBC7297DA6EBF60951B8C NativeClass:/Script/Engine.StaticMeshActor Name:StaticMeshActor_UAID_50814029DA7459C402_1808524167 Label:GolfBorder SpatiallyLoaded:true EditorBounds:IsValid=true, Min=(X=593.825 Y=379.247 Z=-49.337), Max=(X=998.175 Y=410.191 Z=192.780) RuntimeBounds:IsValid=true, Min=(X=593.825 Y=379.247 Z=-49.337), Max=(X=998.175 Y=410.191 Z=192.780) RuntimeGrid:None EditorOnly:false RuntimeOnly:false HLODRelevant:true ListedInSceneOutliner:true IsMainWorldOnly:false
 |   |   |- Guid:CB40E27043D916FD12A096BD82CC4138 NativeClass:/Script/Engine.StaticMeshActor Name:StaticMeshActor_UAID_50814029DA745BC402_1668943530 Label:GolfBorder4 SpatiallyLoaded:true EditorBounds:IsValid=true, Min=(X=557.231 Y=387.958 Z=-49.337), Max=(X=638.155 Y=679.445 Z=192.780) RuntimeBounds:IsValid=true, Min=(X=557.231 Y=387.958 Z=-49.337), Max=(X=638.155 Y=679.445 Z=192.780) RuntimeGrid:None EditorOnly:false RuntimeOnly:false HLODRelevant:true ListedInSceneOutliner:true IsMainWorldOnly:false
 |   |   |- Guid:CCFF262C46EEFFDF319E7F9539CE697E NativeClass:/Script/Engine.SkyAtmosphere Name:SkyAtmosphere_0 Label:SkyAtmosphere SpatiallyLoaded:false EditorBounds:IsValid=true, Min=(X=-128.000 Y=-128.000 Z=892.000), Max=(X=240.000 Y=128.000 Z=1148.000) RuntimeBounds:IsValid=true, Min=(X=0.000 Y=0.000 Z=1020.000), Max=(X=0.000 Y=0.000 Z=1020.000) RuntimeGrid:None EditorOnly:false RuntimeOnly:false HLODRelevant:false ListedInSceneOutliner:true IsMainWorldOnly:false FolderPath:Lighting FolderGuid:963EC3EB4002CCE9759E2EBA541A873A
 |   |   |- Guid:E643FC594DECBDAF03F285A410E3D58B BaseClass:/Game/Player/BP_MovingCamera.BP_MovingCamera_C NativeClass:/Script/Engine.Actor Name:BP_MovingCamera_C_UAID_2C58B90D0659A5C002_1109503289 Label:BP_MovingCamera SpatiallyLoaded:true EditorBounds:IsValid=true, Min=(X=40.000 Y=-170.400 Z=380.000), Max=(X=2060.000 Y=1849.600 Z=2400.000) RuntimeBounds:IsValid=true, Min=(X=1050.000 Y=839.600 Z=1390.000), Max=(X=1050.000 Y=839.600 Z=1390.000) RuntimeGrid:None EditorOnly:false RuntimeOnly:false HLODRelevant:false ListedInSceneOutliner:true IsMainWorldOnly:false
 |   |   |- Guid:EC4E0C944CE6AC6E784BC6BB2916EA13 NativeClass:/Script/Engine.StaticMeshActor Name:StaticMeshActor_UAID_A4AE111137DC5EFB00_1110535423 Label:SM_SkySphere SpatiallyLoaded:false EditorBounds:IsValid=true, Min=(X=-1638400.000 Y=-1638400.000 Z=-1638400.000), Max=(X=1638400.000 Y=1638400.000 Z=1638400.000) RuntimeBounds:IsValid=true, Min=(X=-1638400.000 Y=-1638400.000 Z=-1638400.000), Max=(X=1638400.000 Y=1638400.000 Z=1638400.000) RuntimeGrid:None EditorOnly:false RuntimeOnly:false HLODRelevant:false ListedInSceneOutliner:true IsMainWorldOnly:false FolderPath:Lighting FolderGuid:963EC3EB4002CCE9759E2EBA541A873A
 |   |   |- Guid:F1924B8D48954B30891B2DB6A694F9CC NativeClass:/Script/Engine.StaticMeshActor Name:StaticMeshActor_1 Label:SM_Cube SpatiallyLoaded:true EditorBounds:IsValid=true, Min=(X=-745.000 Y=-463.000 Z=-50.000), Max=(X=2855.000 Y=1937.000 Z=0.000) RuntimeBounds:IsValid=true, Min=(X=-745.000 Y=-463.000 Z=-50.000), Max=(X=2855.000 Y=1937.000 Z=0.000) RuntimeGrid:None EditorOnly:false RuntimeOnly:false HLODRelevant:true ListedInSceneOutliner:true IsMainWorldOnly:false FolderPath:Playground FolderGuid:C73F09FC4215536B1DCE2A9E0A830C70
 |   |   |- Guid:F2717E994170525C58C0708A06B8C39D BaseClass:/Game/Blueprints/BP_DeathBox.BP_DeathBox_C NativeClass:/Script/Engine.Actor Name:BP_DeathBox_C_UAID_644ED76AD825EDC602_1151680322 Label:BP_DeathBox SpatiallyLoaded:true EditorBounds:IsValid=true, Min=(X=-249.527 Y=-259.527 Z=-17.000), Max=(X=1989.527 Y=1979.527 Z=47.000) RuntimeBounds:IsValid=true, Min=(X=-249.527 Y=-259.527 Z=-17.000), Max=(X=1989.527 Y=1979.527 Z=47.000) RuntimeGrid:None EditorOnly:false RuntimeOnly:false HLODRelevant:false ListedInSceneOutliner:true IsMainWorldOnly:false
 |   |   |- Guid:F5E3FEB3450C49844FD93DA8E083C8AD NativeClass:/Script/Engine.PostProcessVolume Name:PostProcessVolume_0 Label:PostProcessVolume SpatiallyLoaded:false EditorBounds:IsValid=true, Min=(X=0.000 Y=0.000 Z=400.000), Max=(X=200.000 Y=200.000 Z=600.000) RuntimeBounds:IsValid=true, Min=(X=0.000 Y=0.000 Z=400.000), Max=(X=200.000 Y=200.000 Z=600.000) RuntimeGrid:None EditorOnly:false RuntimeOnly:false HLODRelevant:false ListedInSceneOutliner:true IsMainWorldOnly:false FolderPath:Lighting FolderGuid:963EC3EB4002CCE9759E2EBA541A873A
 |   |   |- Guid:FE0BFD214131EF80C8ABAD962A1F0B67 BaseClass:/Game/Blueprints/BP_Goal.BP_Goal_C NativeClass:/Script/Engine.Actor Name:BP_Goal_C_UAID_50814029DA745AC402_1294707351 Label:BP_Goal SpatiallyLoaded:true EditorBounds:IsValid=true, Min=(X=1150.000 Y=1266.000 Z=56.000), Max=(X=1250.000 Y=1366.000 Z=88.000) RuntimeBounds:IsValid=true, Min=(X=1150.000 Y=1266.000 Z=56.000), Max=(X=1250.000 Y=1366.000 Z=88.000) RuntimeGrid:None EditorOnly:false RuntimeOnly:false HLODRelevant:false ListedInSceneOutliner:true IsMainWorldOnly:false
 |   |   |- Guid:FFE655064C358E3F827313BD9017EB7B NativeClass:/Script/Engine.StaticMeshActor Name:StaticMeshActor_UAID_2C58B9122EF936C702_2001611148 Label:GolfBorder9 SpatiallyLoaded:true EditorBounds:IsValid=true, Min=(X=992.247 Y=545.151 Z=-49.337), Max=(X=1023.191 Y=682.849 Z=192.780) RuntimeBounds:IsValid=true, Min=(X=992.247 Y=545.151 Z=-49.337), Max=(X=1023.191 Y=682.849 Z=192.780) RuntimeGrid:None EditorOnly:false RuntimeOnly:false HLODRelevant:true ListedInSceneOutliner:true IsMainWorldOnly:false
 |   |- [+] Clusters:
 |   |   |- [+] [  0]
 |   |   |   |- Guid:173760C84AE48DCA577F72AE5B82C24C NativeClass:/Script/Engine.StaticMeshActor Name:StaticMeshActor_UAID_2C58B90D06598CC202_1157900020 Label:SM_Cube2 SpatiallyLoaded:true EditorBounds:IsValid=true, Min=(X=-1333.000 Y=-952.000 Z=-24.652), Max=(X=3104.835 Y=2724.232 Z=25.348) RuntimeBounds:IsValid=true, Min=(X=-1333.000 Y=-952.000 Z=-24.652), Max=(X=3104.835 Y=2724.232 Z=25.348) RuntimeGrid:None EditorOnly:false RuntimeOnly:false HLODRelevant:true ListedInSceneOutliner:true IsMainWorldOnly:false FolderPath:Playground FolderGuid:C73F09FC4215536B1DCE2A9E0A830C70
 |   |   |- [+] [  1]
 |   |   |   |- Guid:26BA45EA40F873FF57C9E399E83ED310 NativeClass:/Script/Engine.StaticMeshActor Name:StaticMeshActor_UAID_50814029DA7459C402_2058151168 Label:GolfBorder2 SpatiallyLoaded:true EditorBounds:IsValid=true, Min=(X=593.825 Y=807.247 Z=-49.337), Max=(X=998.175 Y=838.191 Z=192.780) RuntimeBounds:IsValid=true, Min=(X=593.825 Y=807.247 Z=-49.337), Max=(X=998.175 Y=838.191 Z=192.780) RuntimeGrid:None EditorOnly:false RuntimeOnly:false HLODRelevant:true ListedInSceneOutliner:true IsMainWorldOnly:false
 |   |   |- [+] [  2]
 |   |   |   |- Guid:2FB58999456391D349DC0F86DAC136ED NativeClass:/Script/Engine.SkyLight Name:SkyLight_1 Label:SkyLight SpatiallyLoaded:false EditorBounds:IsValid=true, Min=(X=-1.000 Y=-1.000 Z=-1.000), Max=(X=1.000 Y=1.000 Z=690.000) RuntimeBounds:IsValid=true, Min=(X=0.000 Y=0.000 Z=690.000), Max=(X=0.000 Y=0.000 Z=690.000) RuntimeGrid:None EditorOnly:false RuntimeOnly:false HLODRelevant:false ListedInSceneOutliner:true IsMainWorldOnly:false FolderPath:Lighting FolderGuid:963EC3EB4002CCE9759E2EBA541A873A
 |   |   |- [+] [  3]
 |   |   |   |- Guid:316CF2A6494ACA4C0E4180A87D36AB8F NativeClass:/Script/Engine.ExponentialHeightFog Name:ExponentialHeightFog_0 Label:ExponentialHeightFog SpatiallyLoaded:false EditorBounds:IsValid=true, Min=(X=-5728.000 Y=-178.000 Z=-6978.000), Max=(X=-5472.000 Y=78.000 Z=-6722.000) RuntimeBounds:IsValid=true, Min=(X=-5600.000 Y=-50.000 Z=-6850.000), Max=(X=-5600.000 Y=-50.000 Z=-6850.000) RuntimeGrid:None EditorOnly:false RuntimeOnly:false HLODRelevant:false ListedInSceneOutliner:true IsMainWorldOnly:false FolderPath:Lighting FolderGuid:963EC3EB4002CCE9759E2EBA541A873A
 |   |   |- [+] [  4]
 |   |   |   |- Guid:3A00AA1C422CE54C0BDB60BAF471BFBB NativeClass:/Script/Engine.PlayerStart Name:PlayerStart_0 Label:PlayerStart SpatiallyLoaded:false EditorBounds:IsValid=true, Min=(X=252.322 Y=490.000 Z=47.115), Max=(X=620.322 Y=746.000 Z=303.115) RuntimeBounds:IsValid=true, Min=(X=340.322 Y=578.000 Z=83.115), Max=(X=420.322 Y=658.000 Z=267.115) RuntimeGrid:None EditorOnly:false RuntimeOnly:false HLODRelevant:false ListedInSceneOutliner:true IsMainWorldOnly:false
 |   |   |- [+] [  5]
 |   |   |   |- Guid:3A925C874BF72E5B77949381AEC2C873 NativeClass:/Script/Engine.StaticMeshActor Name:StaticMeshActor_UAID_2C58B9122EF936C702_1955856146 Label:GolfBorder7 SpatiallyLoaded:true EditorBounds:IsValid=true, Min=(X=752.231 Y=532.957 Z=-49.337), Max=(X=833.155 Y=824.446 Z=192.780) RuntimeBounds:IsValid=true, Min=(X=752.231 Y=532.957 Z=-49.337), Max=(X=833.155 Y=824.446 Z=192.780) RuntimeGrid:None EditorOnly:false RuntimeOnly:false HLODRelevant:true ListedInSceneOutliner:true IsMainWorldOnly:false
 |   |   |- [+] [  6]
 |   |   |   |- Guid:3F540BA14C183D8E043F0585A8D59BE2 BaseClass:/Game/Blueprints/BP_Checkpoint.BP_Checkpoint_C NativeClass:/Script/Engine.Actor Name:BP_Checkpoint_C_UAID_644ED76AD825EDC602_1212079324 Label:BP_Checkpoint SpatiallyLoaded:true EditorBounds:IsValid=true, Min=(X=973.805 Y=423.009 Z=140.000), Max=(X=1386.195 Y=835.399 Z=144.975) RuntimeBounds:IsValid=true, Min=(X=973.805 Y=423.009 Z=140.000), Max=(X=1386.195 Y=835.399 Z=144.975) RuntimeGrid:None EditorOnly:false RuntimeOnly:false HLODRelevant:false ListedInSceneOutliner:true IsMainWorldOnly:false
 |   |   |- [+] [  7]
 |   |   |   |- Guid:4D3BE93F4146AAAC8BBE79999D96D57F NativeClass:/Script/Engine.VolumetricCloud Name:VolumetricCloud_0 Label:VolumetricCloud SpatiallyLoaded:false EditorBounds:IsValid=true, Min=(X=-128.000 Y=-128.000 Z=692.000), Max=(X=128.000 Y=128.000 Z=948.000) RuntimeBounds:IsValid=true, Min=(X=0.000 Y=0.000 Z=820.000), Max=(X=0.000 Y=0.000 Z=820.000) RuntimeGrid:None EditorOnly:false RuntimeOnly:false HLODRelevant:false ListedInSceneOutliner:true IsMainWorldOnly:false FolderPath:Lighting FolderGuid:963EC3EB4002CCE9759E2EBA541A873A
 |   |   |- [+] [  8]
 |   |   |   |- Guid:54864F1240300320F1AF2F861E0FDB21 NativeClass:/Script/Engine.StaticMeshActor Name:StaticMeshActor_UAID_50814029DA745AC402_1084866345 Label:SM_Bridge SpatiallyLoaded:true EditorBounds:IsValid=true, Min=(X=1064.253 Y=797.782 Z=112.760), Max=(X=1156.777 Y=1138.218 Z=167.326) RuntimeBounds:IsValid=true, Min=(X=1064.253 Y=797.782 Z=112.760), Max=(X=1156.777 Y=1138.218 Z=167.326) RuntimeGrid:None EditorOnly:false RuntimeOnly:false HLODRelevant:true ListedInSceneOutliner:true IsMainWorldOnly:false
 |   |   |- [+] [  9]
 |   |   |   |- Guid:550CCC714698FB144004BEBD36359BE3 NativeClass:/Script/Engine.StaticMeshActor Name:StaticMeshActor_UAID_50814029DA7458C402_2062086979 Label:GolfBrick SpatiallyLoaded:true EditorBounds:IsValid=true, Min=(X=597.000 Y=410.000 Z=-70.000), Max=(X=997.000 Y=810.000 Z=130.000) RuntimeBounds:IsValid=true, Min=(X=597.000 Y=410.000 Z=-70.000), Max=(X=997.000 Y=810.000 Z=130.000) RuntimeGrid:None EditorOnly:false RuntimeOnly:false HLODRelevant:true ListedInSceneOutliner:true IsMainWorldOnly:false
 |   |   |- [+] [ 10]
 |   |   |   |- Guid:58CF73534F167CCD194CCB83AE98A5B7 NativeClass:/Script/Engine.StaticMeshActor Name:StaticMeshActor_UAID_2C58B9122EF936C702_1944120145 Label:GolfBorder6 SpatiallyLoaded:true EditorBounds:IsValid=true, Min=(X=609.639 Y=388.090 Z=-49.337), Max=(X=665.786 Y=680.210 Z=192.780) RuntimeBounds:IsValid=true, Min=(X=609.639 Y=388.090 Z=-49.337), Max=(X=665.786 Y=680.210 Z=192.780) RuntimeGrid:None EditorOnly:false RuntimeOnly:false HLODRelevant:true ListedInSceneOutliner:true IsMainWorldOnly:false
 |   |   |- [+] [ 11]
 |   |   |   |- Guid:6335CB344AC00874569C30B8C347DE40 NativeClass:/Script/Engine.StaticMeshActor Name:StaticMeshActor_UAID_50814029DA7458C402_1957419971 Label:Cube_007 SpatiallyLoaded:true EditorBounds:IsValid=true, Min=(X=172.018 Y=378.867 Z=-69.820), Max=(X=600.303 Y=838.127 Z=192.694) RuntimeBounds:IsValid=true, Min=(X=172.018 Y=378.867 Z=-69.820), Max=(X=600.303 Y=838.127 Z=192.694) RuntimeGrid:None EditorOnly:false RuntimeOnly:false HLODRelevant:true ListedInSceneOutliner:true IsMainWorldOnly:false
 |   |   |- [+] [ 12]
 |   |   |   |- Guid:6BAF4DDD444C60371492D3919DB42C97 NativeClass:/Script/Engine.WorldDataLayers Name:WorldDataLayers Label:WorldDataLayers SpatiallyLoaded:false EditorBounds:IsValid=false, Min=(X=0.000 Y=0.000 Z=0.000), Max=(X=0.000 Y=0.000 Z=0.000) RuntimeBounds:IsValid=false, Min=(X=0.000 Y=0.000 Z=0.000), Max=(X=0.000 Y=0.000 Z=0.000) RuntimeGrid:None EditorOnly:false RuntimeOnly:false HLODRelevant:false ListedInSceneOutliner:true IsMainWorldOnly:true
 |   |   |- [+] [ 13]
 |   |   |   |- Guid:704882C14394F7814F5FA1BA14BAE2D6 NativeClass:/Script/Engine.StaticMeshActor Name:StaticMeshActor_UAID_50814029DA745AC402_1119448348 Label:Cube_8 SpatiallyLoaded:true EditorBounds:IsValid=true, Min=(X=966.867 Y=1115.697 Z=-69.820), Max=(X=1426.127 Y=1543.982 Z=192.694) RuntimeBounds:IsValid=true, Min=(X=966.867 Y=1115.697 Z=-69.820), Max=(X=1426.127 Y=1543.982 Z=192.694) RuntimeGrid:None EditorOnly:false RuntimeOnly:false HLODRelevant:true ListedInSceneOutliner:true IsMainWorldOnly:false
 |   |   |- [+] [ 14]
 |   |   |   |- Guid:79BA6B1E42B04C04B3197C83E417A663 NativeClass:/Script/Engine.StaticMeshActor Name:StaticMeshActor_UAID_50814029DA745AC402_1119446347 Label:Cube_9 SpatiallyLoaded:true EditorBounds:IsValid=true, Min=(X=998.790 Y=1114.947 Z=-78.279), Max=(X=1398.790 Y=1514.947 Z=121.721) RuntimeBounds:IsValid=true, Min=(X=998.790 Y=1114.947 Z=-78.279), Max=(X=1398.790 Y=1514.947 Z=121.721) RuntimeGrid:None EditorOnly:false RuntimeOnly:false HLODRelevant:true ListedInSceneOutliner:true IsMainWorldOnly:false
 |   |   |- [+] [ 15]
 |   |   |   |- Guid:7B90F474467402864ED9CA8236703E5F NativeClass:/Script/Engine.StaticMeshActor Name:StaticMeshActor_UAID_50814029DA7459C402_1202099164 Label:Cube_006 SpatiallyLoaded:true EditorBounds:IsValid=true, Min=(X=997.348 Y=376.746 Z=-70.470), Max=(X=1432.704 Y=812.102 Z=192.380) RuntimeBounds:IsValid=true, Min=(X=997.348 Y=376.746 Z=-70.470), Max=(X=1432.704 Y=812.102 Z=192.380) RuntimeGrid:None EditorOnly:false RuntimeOnly:false HLODRelevant:true ListedInSceneOutliner:true IsMainWorldOnly:false
 |   |   |- [+] [ 16]
 |   |   |   |- Guid:84EF3FFD4EB5DC89A4BEDD9D3499DE92 NativeClass:/Script/Engine.StaticMeshActor Name:StaticMeshActor_UAID_50814029DA7458C402_1941130970 Label:Cube_008 SpatiallyLoaded:true EditorBounds:IsValid=true, Min=(X=198.351 Y=410.000 Z=-70.000), Max=(X=598.351 Y=810.000 Z=130.000) RuntimeBounds:IsValid=true, Min=(X=198.351 Y=410.000 Z=-70.000), Max=(X=598.351 Y=810.000 Z=130.000) RuntimeGrid:None EditorOnly:false RuntimeOnly:false HLODRelevant:true ListedInSceneOutliner:true IsMainWorldOnly:false
 |   |   |- [+] [ 17]
 |   |   |   |- Guid:A16C9BDB4F408414FFDD6A923E315002 NativeClass:/Script/Engine.StaticMeshActor Name:StaticMeshActor_UAID_50814029DA745AC402_1102404346 Label:SM_Bridge2 SpatiallyLoaded:true EditorBounds:IsValid=true, Min=(X=1239.253 Y=797.782 Z=112.760), Max=(X=1331.777 Y=1138.218 Z=167.326) RuntimeBounds:IsValid=true, Min=(X=1239.253 Y=797.782 Z=112.760), Max=(X=1331.777 Y=1138.218 Z=167.326) RuntimeGrid:None EditorOnly:false RuntimeOnly:false HLODRelevant:true ListedInSceneOutliner:true IsMainWorldOnly:false
 |   |   |- [+] [ 18]
 |   |   |   |- Guid:A1B20E4D42EB9415C62EC98CE6743FC3 NativeClass:/Script/Engine.StaticMeshActor Name:StaticMeshActor_UAID_2C58B9122EF936C702_1955859147 Label:GolfBorder8 SpatiallyLoaded:true EditorBounds:IsValid=true, Min=(X=724.639 Y=533.090 Z=-49.337), Max=(X=780.786 Y=825.210 Z=192.780) RuntimeBounds:IsValid=true, Min=(X=724.639 Y=533.090 Z=-49.337), Max=(X=780.786 Y=825.210 Z=192.780) RuntimeGrid:None EditorOnly:false RuntimeOnly:false HLODRelevant:true ListedInSceneOutliner:true IsMainWorldOnly:false
 |   |   |- [+] [ 19]
 |   |   |   |- Guid:A2510B5E45BD15399A61558943C2C409 NativeClass:/Script/Engine.StaticMeshActor Name:StaticMeshActor_UAID_50814029DA7459C402_1138780163 Label:Cube_002 SpatiallyLoaded:true EditorBounds:IsValid=true, Min=(X=996.869 Y=410.131 Z=-70.000), Max=(X=1396.869 Y=810.131 Z=130.000) RuntimeBounds:IsValid=true, Min=(X=996.869 Y=410.131 Z=-70.000), Max=(X=1396.869 Y=810.131 Z=130.000) RuntimeGrid:None EditorOnly:false RuntimeOnly:false HLODRelevant:true ListedInSceneOutliner:true IsMainWorldOnly:false
 |   |   |- [+] [ 20]
 |   |   |   |- Guid:B785ED2844B84CFB91E7F39FE661CD99 NativeClass:/Script/Engine.DirectionalLight Name:DirectionalLight_0 Label:DirectionalLight SpatiallyLoaded:false EditorBounds:IsValid=false, Min=(X=0.000 Y=0.000 Z=0.000), Max=(X=0.000 Y=0.000 Z=0.000) RuntimeBounds:IsValid=false, Min=(X=0.000 Y=0.000 Z=0.000), Max=(X=0.000 Y=0.000 Z=0.000) RuntimeGrid:None EditorOnly:false RuntimeOnly:false HLODRelevant:false ListedInSceneOutliner:true IsMainWorldOnly:false FolderPath:Lighting FolderGuid:963EC3EB4002CCE9759E2EBA541A873A
 |   |   |- [+] [ 21]
 |   |   |   |- Guid:BD323529402DBC7297DA6EBF60951B8C NativeClass:/Script/Engine.StaticMeshActor Name:StaticMeshActor_UAID_50814029DA7459C402_1808524167 Label:GolfBorder SpatiallyLoaded:true EditorBounds:IsValid=true, Min=(X=593.825 Y=379.247 Z=-49.337), Max=(X=998.175 Y=410.191 Z=192.780) RuntimeBounds:IsValid=true, Min=(X=593.825 Y=379.247 Z=-49.337), Max=(X=998.175 Y=410.191 Z=192.780) RuntimeGrid:None EditorOnly:false RuntimeOnly:false HLODRelevant:true ListedInSceneOutliner:true IsMainWorldOnly:false
 |   |   |- [+] [ 22]
 |   |   |   |- Guid:CB40E27043D916FD12A096BD82CC4138 NativeClass:/Script/Engine.StaticMeshActor Name:StaticMeshActor_UAID_50814029DA745BC402_1668943530 Label:GolfBorder4 SpatiallyLoaded:true EditorBounds:IsValid=true, Min=(X=557.231 Y=387.958 Z=-49.337), Max=(X=638.155 Y=679.445 Z=192.780) RuntimeBounds:IsValid=true, Min=(X=557.231 Y=387.958 Z=-49.337), Max=(X=638.155 Y=679.445 Z=192.780) RuntimeGrid:None EditorOnly:false RuntimeOnly:false HLODRelevant:true ListedInSceneOutliner:true IsMainWorldOnly:false
 |   |   |- [+] [ 23]
 |   |   |   |- Guid:CCFF262C46EEFFDF319E7F9539CE697E NativeClass:/Script/Engine.SkyAtmosphere Name:SkyAtmosphere_0 Label:SkyAtmosphere SpatiallyLoaded:false EditorBounds:IsValid=true, Min=(X=-128.000 Y=-128.000 Z=892.000), Max=(X=240.000 Y=128.000 Z=1148.000) RuntimeBounds:IsValid=true, Min=(X=0.000 Y=0.000 Z=1020.000), Max=(X=0.000 Y=0.000 Z=1020.000) RuntimeGrid:None EditorOnly:false RuntimeOnly:false HLODRelevant:false ListedInSceneOutliner:true IsMainWorldOnly:false FolderPath:Lighting FolderGuid:963EC3EB4002CCE9759E2EBA541A873A
 |   |   |- [+] [ 24]
 |   |   |   |- Guid:E643FC594DECBDAF03F285A410E3D58B BaseClass:/Game/Player/BP_MovingCamera.BP_MovingCamera_C NativeClass:/Script/Engine.Actor Name:BP_MovingCamera_C_UAID_2C58B90D0659A5C002_1109503289 Label:BP_MovingCamera SpatiallyLoaded:true EditorBounds:IsValid=true, Min=(X=40.000 Y=-170.400 Z=380.000), Max=(X=2060.000 Y=1849.600 Z=2400.000) RuntimeBounds:IsValid=true, Min=(X=1050.000 Y=839.600 Z=1390.000), Max=(X=1050.000 Y=839.600 Z=1390.000) RuntimeGrid:None EditorOnly:false RuntimeOnly:false HLODRelevant:false ListedInSceneOutliner:true IsMainWorldOnly:false
 |   |   |- [+] [ 25]
 |   |   |   |- Guid:EC4E0C944CE6AC6E784BC6BB2916EA13 NativeClass:/Script/Engine.StaticMeshActor Name:StaticMeshActor_UAID_A4AE111137DC5EFB00_1110535423 Label:SM_SkySphere SpatiallyLoaded:false EditorBounds:IsValid=true, Min=(X=-1638400.000 Y=-1638400.000 Z=-1638400.000), Max=(X=1638400.000 Y=1638400.000 Z=1638400.000) RuntimeBounds:IsValid=true, Min=(X=-1638400.000 Y=-1638400.000 Z=-1638400.000), Max=(X=1638400.000 Y=1638400.000 Z=1638400.000) RuntimeGrid:None EditorOnly:false RuntimeOnly:false HLODRelevant:false ListedInSceneOutliner:true IsMainWorldOnly:false FolderPath:Lighting FolderGuid:963EC3EB4002CCE9759E2EBA541A873A
 |   |   |- [+] [ 26]
 |   |   |   |- Guid:F1924B8D48954B30891B2DB6A694F9CC NativeClass:/Script/Engine.StaticMeshActor Name:StaticMeshActor_1 Label:SM_Cube SpatiallyLoaded:true EditorBounds:IsValid=true, Min=(X=-745.000 Y=-463.000 Z=-50.000), Max=(X=2855.000 Y=1937.000 Z=0.000) RuntimeBounds:IsValid=true, Min=(X=-745.000 Y=-463.000 Z=-50.000), Max=(X=2855.000 Y=1937.000 Z=0.000) RuntimeGrid:None EditorOnly:false RuntimeOnly:false HLODRelevant:true ListedInSceneOutliner:true IsMainWorldOnly:false FolderPath:Playground FolderGuid:C73F09FC4215536B1DCE2A9E0A830C70
 |   |   |- [+] [ 27]
 |   |   |   |- Guid:F2717E994170525C58C0708A06B8C39D BaseClass:/Game/Blueprints/BP_DeathBox.BP_DeathBox_C NativeClass:/Script/Engine.Actor Name:BP_DeathBox_C_UAID_644ED76AD825EDC602_1151680322 Label:BP_DeathBox SpatiallyLoaded:true EditorBounds:IsValid=true, Min=(X=-249.527 Y=-259.527 Z=-17.000), Max=(X=1989.527 Y=1979.527 Z=47.000) RuntimeBounds:IsValid=true, Min=(X=-249.527 Y=-259.527 Z=-17.000), Max=(X=1989.527 Y=1979.527 Z=47.000) RuntimeGrid:None EditorOnly:false RuntimeOnly:false HLODRelevant:false ListedInSceneOutliner:true IsMainWorldOnly:false
 |   |   |- [+] [ 28]
 |   |   |   |- Guid:F5E3FEB3450C49844FD93DA8E083C8AD NativeClass:/Script/Engine.PostProcessVolume Name:PostProcessVolume_0 Label:PostProcessVolume SpatiallyLoaded:false EditorBounds:IsValid=true, Min=(X=0.000 Y=0.000 Z=400.000), Max=(X=200.000 Y=200.000 Z=600.000) RuntimeBounds:IsValid=true, Min=(X=0.000 Y=0.000 Z=400.000), Max=(X=200.000 Y=200.000 Z=600.000) RuntimeGrid:None EditorOnly:false RuntimeOnly:false HLODRelevant:false ListedInSceneOutliner:true IsMainWorldOnly:false FolderPath:Lighting FolderGuid:963EC3EB4002CCE9759E2EBA541A873A
 |   |   |- [+] [ 29]
 |   |   |   |- Guid:FE0BFD214131EF80C8ABAD962A1F0B67 BaseClass:/Game/Blueprints/BP_Goal.BP_Goal_C NativeClass:/Script/Engine.Actor Name:BP_Goal_C_UAID_50814029DA745AC402_1294707351 Label:BP_Goal SpatiallyLoaded:true EditorBounds:IsValid=true, Min=(X=1150.000 Y=1266.000 Z=56.000), Max=(X=1250.000 Y=1366.000 Z=88.000) RuntimeBounds:IsValid=true, Min=(X=1150.000 Y=1266.000 Z=56.000), Max=(X=1250.000 Y=1366.000 Z=88.000) RuntimeGrid:None EditorOnly:false RuntimeOnly:false HLODRelevant:false ListedInSceneOutliner:true IsMainWorldOnly:false
 |   |   |- [+] [ 30]
 |   |   |   |- Guid:FFE655064C358E3F827313BD9017EB7B NativeClass:/Script/Engine.StaticMeshActor Name:StaticMeshActor_UAID_2C58B9122EF936C702_2001611148 Label:GolfBorder9 SpatiallyLoaded:true EditorBounds:IsValid=true, Min=(X=992.247 Y=545.151 Z=-49.337), Max=(X=1023.191 Y=682.849 Z=192.780) RuntimeBounds:IsValid=true, Min=(X=992.247 Y=545.151 Z=-49.337), Max=(X=1023.191 Y=682.849 Z=192.780) RuntimeGrid:None EditorOnly:false RuntimeOnly:false HLODRelevant:true ListedInSceneOutliner:true IsMainWorldOnly:false
 |- ContainerInstances:
 |- [+] MainContainer:
 |   |-        ID: 00000000000000000000000000000000
 |   |-  ParentID: 00000000000000000000000000000000
 |   |-    Bounds: IsValid=false, Min=(X=0.000 Y=0.000 Z=0.000), Max=(X=0.000 Y=0.000 Z=0.000)
 |   |- Transform: 0.000000,0.000000,0.000000|0.000000,0.000000,-0.000000|1.000000,1.000000,1.000000
 |   |- Container: /Game/ThirdPerson/Maps/L_Level1
----------------------------------------------------------------------------------------------------------------
L_Level1 - Persistent Level
----------------------------------------------------------------------------------------------------------------
[+] Content of L_Level1 Persistent Level
 |- Always loaded Actor Count: 31 
 |- Actor Path: /Game/ThirdPerson/Maps/L_Level1.L_Level1:PersistentLevel.BP_Checkpoint_C_UAID_644ED76AD825EDC602_1212079324
 |- Actor Package: /Game/__ExternalActors__/ThirdPerson/Maps/L_Level1/0/UX/4A22EXU86RMRGADP8X4P5F
 |- Actor Path: /Game/ThirdPerson/Maps/L_Level1.L_Level1:PersistentLevel.BP_DeathBox_C_UAID_644ED76AD825EDC602_1151680322
 |- Actor Package: /Game/__ExternalActors__/ThirdPerson/Maps/L_Level1/D/44/PPRZFQY8OTY3RVYFFVUP0J
 |- Actor Path: /Game/ThirdPerson/Maps/L_Level1.L_Level1:PersistentLevel.BP_Goal_C_UAID_50814029DA745AC402_1294707351
 |- Actor Package: /Game/__ExternalActors__/ThirdPerson/Maps/L_Level1/6/1S/YNBBQ7ELAZRAXUZR4C8Y4V
 |- Actor Path: /Game/ThirdPerson/Maps/L_Level1.L_Level1:PersistentLevel.BP_MovingCamera_C_UAID_2C58B90D0659A5C002_1109503289
 |- Actor Package: /Game/__ExternalActors__/ThirdPerson/Maps/L_Level1/5/W3/PDK928461PA087PPQ5AQIC
 |- Actor Path: /Game/ThirdPerson/Maps/L_Level1.L_Level1:PersistentLevel.DirectionalLight_0
 |- Actor Package: /Game/__ExternalActors__/ThirdPerson/Maps/L_Level1/9/9D/7ZQ26MGHWZ5LK260ZD5Y9A
 |- Actor Path: /Game/ThirdPerson/Maps/L_Level1.L_Level1:PersistentLevel.ExponentialHeightFog_0
 |- Actor Package: /Game/__ExternalActors__/ThirdPerson/Maps/L_Level1/8/W8/QIMDVXFSPNAD3YZP3GQE3C
 |- Actor Path: /Game/ThirdPerson/Maps/L_Level1.L_Level1:PersistentLevel.PlayerStart_0
 |- Actor Package: /Game/__ExternalActors__/ThirdPerson/Maps/L_Level1/4/HV/1MYRRC54EAIE8424CEITGS
 |- Actor Path: /Game/ThirdPerson/Maps/L_Level1.L_Level1:PersistentLevel.PostProcessVolume_0
 |- Actor Package: /Game/__ExternalActors__/ThirdPerson/Maps/L_Level1/9/8N/P0JQ5504GMF2JCFX6WN2RY
 |- Actor Path: /Game/ThirdPerson/Maps/L_Level1.L_Level1:PersistentLevel.SkyAtmosphere_0
 |- Actor Package: /Game/__ExternalActors__/ThirdPerson/Maps/L_Level1/6/CX/G5C13VEKPB1ZD5GXA83PL7
 |- Actor Path: /Game/ThirdPerson/Maps/L_Level1.L_Level1:PersistentLevel.SkyLight_1
 |- Actor Package: /Game/__ExternalActors__/ThirdPerson/Maps/L_Level1/A/CH/1L7KFM1GW5K1TAS9E05UFA
 |- Actor Path: /Game/ThirdPerson/Maps/L_Level1.L_Level1:PersistentLevel.StaticMeshActor_1
 |- Actor Package: /Game/__ExternalActors__/ThirdPerson/Maps/L_Level1/0/XD/BTTQRKJFS5MOD8OXQIFPGY
 |- Actor Path: /Game/ThirdPerson/Maps/L_Level1.L_Level1:PersistentLevel.StaticMeshActor_UAID_2C58B90D06598CC202_1157900020
 |- Actor Package: /Game/__ExternalActors__/ThirdPerson/Maps/L_Level1/A/9G/O08IH3U3UC783YJ60XBBOA
 |- Actor Path: /Game/ThirdPerson/Maps/L_Level1.L_Level1:PersistentLevel.StaticMeshActor_UAID_2C58B9122EF936C702_1944120145
 |- Actor Package: /Game/__ExternalActors__/ThirdPerson/Maps/L_Level1/5/Q5/U1YAW4DM9KR4HR969X20FE
 |- Actor Path: /Game/ThirdPerson/Maps/L_Level1.L_Level1:PersistentLevel.StaticMeshActor_UAID_2C58B9122EF936C702_1955856146
 |- Actor Package: /Game/__ExternalActors__/ThirdPerson/Maps/L_Level1/4/51/I0BR39T7I2RD765AQAG2UE
 |- Actor Path: /Game/ThirdPerson/Maps/L_Level1.L_Level1:PersistentLevel.StaticMeshActor_UAID_2C58B9122EF936C702_1955859147
 |- Actor Package: /Game/__ExternalActors__/ThirdPerson/Maps/L_Level1/D/JA/RUIALORGKB2JB21V8H2BEI
 |- Actor Path: /Game/ThirdPerson/Maps/L_Level1.L_Level1:PersistentLevel.StaticMeshActor_UAID_2C58B9122EF936C702_2001611148
 |- Actor Package: /Game/__ExternalActors__/ThirdPerson/Maps/L_Level1/4/PL/4QVPY5QTQ5EY8JWQALY17Q
 |- Actor Path: /Game/ThirdPerson/Maps/L_Level1.L_Level1:PersistentLevel.StaticMeshActor_UAID_50814029DA7458C402_1941130970
 |- Actor Package: /Game/__ExternalActors__/ThirdPerson/Maps/L_Level1/5/L6/7OMXV68RZROIB5LNKS3P90
 |- Actor Path: /Game/ThirdPerson/Maps/L_Level1.L_Level1:PersistentLevel.StaticMeshActor_UAID_50814029DA7458C402_1957419971
 |- Actor Package: /Game/__ExternalActors__/ThirdPerson/Maps/L_Level1/C/KJ/L99JEIIFLF06M66I5YN0F2
 |- Actor Path: /Game/ThirdPerson/Maps/L_Level1.L_Level1:PersistentLevel.StaticMeshActor_UAID_50814029DA7458C402_2062086979
 |- Actor Package: /Game/__ExternalActors__/ThirdPerson/Maps/L_Level1/3/E8/JYRZBFL17XOKSKQYNGPFHH
 |- Actor Path: /Game/ThirdPerson/Maps/L_Level1.L_Level1:PersistentLevel.StaticMeshActor_UAID_50814029DA7459C402_1138780163
 |- Actor Package: /Game/__ExternalActors__/ThirdPerson/Maps/L_Level1/A/BH/ZQYWINCKPVE8JM8FOPEJK0
 |- Actor Path: /Game/ThirdPerson/Maps/L_Level1.L_Level1:PersistentLevel.StaticMeshActor_UAID_50814029DA7459C402_1202099164
 |- Actor Package: /Game/__ExternalActors__/ThirdPerson/Maps/L_Level1/4/7C/4UDTD0L7AJ1RWXURJUU5XR
 |- Actor Path: /Game/ThirdPerson/Maps/L_Level1.L_Level1:PersistentLevel.StaticMeshActor_UAID_50814029DA7459C402_1808524167
 |- Actor Package: /Game/__ExternalActors__/ThirdPerson/Maps/L_Level1/E/WI/EH8LDHUYTO9H2TZQY5HKYF
 |- Actor Path: /Game/ThirdPerson/Maps/L_Level1.L_Level1:PersistentLevel.StaticMeshActor_UAID_50814029DA7459C402_2058151168
 |- Actor Package: /Game/__ExternalActors__/ThirdPerson/Maps/L_Level1/6/LV/RVK5J5FCX8MGYUGRBH0CT3
 |- Actor Path: /Game/ThirdPerson/Maps/L_Level1.L_Level1:PersistentLevel.StaticMeshActor_UAID_50814029DA745AC402_1084866345
 |- Actor Package: /Game/__ExternalActors__/ThirdPerson/Maps/L_Level1/1/5N/RDEKOFPNY4RW91H0KMS0PM
 |- Actor Path: /Game/ThirdPerson/Maps/L_Level1.L_Level1:PersistentLevel.StaticMeshActor_UAID_50814029DA745AC402_1102404346
 |- Actor Package: /Game/__ExternalActors__/ThirdPerson/Maps/L_Level1/4/5F/H5EKZ3F97ZFOU2E33M3QRX
 |- Actor Path: /Game/ThirdPerson/Maps/L_Level1.L_Level1:PersistentLevel.StaticMeshActor_UAID_50814029DA745AC402_1119446347
 |- Actor Package: /Game/__ExternalActors__/ThirdPerson/Maps/L_Level1/C/GI/1YAQ9X4XXL358D104EN0WJ
 |- Actor Path: /Game/ThirdPerson/Maps/L_Level1.L_Level1:PersistentLevel.StaticMeshActor_UAID_50814029DA745AC402_1119448348
 |- Actor Package: /Game/__ExternalActors__/ThirdPerson/Maps/L_Level1/A/9Z/2J0EOFK2DZ6JBL860JRD48
 |- Actor Path: /Game/ThirdPerson/Maps/L_Level1.L_Level1:PersistentLevel.StaticMeshActor_UAID_50814029DA745BC402_1668943530
 |- Actor Package: /Game/__ExternalActors__/ThirdPerson/Maps/L_Level1/1/FW/FJCEYWGVST9MH8U1GDJ52H
 |- Actor Path: /Game/ThirdPerson/Maps/L_Level1.L_Level1:PersistentLevel.StaticMeshActor_UAID_A4AE111137DC5EFB00_1110535423
 |- Actor Package: /Game/__ExternalActors__/ThirdPerson/Maps/L_Level1/E/RJ/K2W2TEVXA6QT9O24JYMCJF
 |- Actor Path: /Game/ThirdPerson/Maps/L_Level1.L_Level1:PersistentLevel.VolumetricCloud_0
 |- Actor Package: /Game/__ExternalActors__/ThirdPerson/Maps/L_Level1/3/Y9/922CKEV3013LZRV58AB083
 |- Actor Path: /Game/ThirdPerson/Maps/L_Level1.L_Level1:PersistentLevel.WorldDataLayers
 |- Actor Package: /Game/__ExternalActors__/ThirdPerson/Maps/L_Level1/7/I3/7MKG5SQQLQ7CFW4S2UW0C3

----------------------------------------------------------------------------------------------------------------
L_Level1 - Runtime Hash Set
----------------------------------------------------------------------------------------------------------------

